Component: ARM Compiler 5.06 update 4 (build 422) Tool: armlink [4d35d2]

==============================================================================

Section Cross References

    main.o(i.main) refers to stm32f4xx_hal_cortex.o(i.HAL_NVIC_SetPriorityGrouping) for HAL_NVIC_SetPriorityGrouping
    main.o(i.main) refers to randomnum.o(i.RNG_init) for RNG_init
    main.o(i.main) refers to netinfoconfig.o(i.IP_init) for IP_init
    main.o(i.main) refers to tasks.o(i.vTaskStartScheduler) for vTaskStartScheduler
    netinfoconfig.o(i.IP_init) refers to freertos_ip.o(i.FreeRTOS_IPInit) for FreeRTOS_IPInit
    netinfoconfig.o(i.IP_init) refers to netinfoconfig.o(.constdata) for ucMACAddress
    netinfoconfig.o(i.UDP_DEBUG_INIT) refers to freertos_sockets.o(i.FreeRTOS_socket) for FreeRTOS_socket
    netinfoconfig.o(i.UDP_DEBUG_INIT) refers to freertos_sockets.o(i.FreeRTOS_bind) for FreeRTOS_bind
    netinfoconfig.o(i.UDP_DEBUG_INIT) refers to netinfoconfig.o(.data) for UDP_DEBUG_SOCKET
    netinfoconfig.o(i.UDP_SEND_DATA) refers to freertos_sockets.o(i.FreeRTOS_sendto) for FreeRTOS_sendto
    netinfoconfig.o(i.UDP_SEND_DATA) refers to netinfoconfig.o(.data) for xDestinationAddress
    netinfoconfig.o(i.lUDPLoggingPrintf) refers to vsnprintf.o(.text) for vsnprintf
    netinfoconfig.o(i.lUDPLoggingPrintf) refers to netinfoconfig.o(i.UDP_SEND_DATA) for UDP_SEND_DATA
    netinfoconfig.o(i.uxRand) refers to randomnum.o(i.getRandomNum) for getRandomNum
    netinfoconfig.o(i.vApplicationIPNetworkEventHook) refers to _printf_percent.o(.ARM.Collect$$_printf_percent$$00000000) for _printf_percent
    netinfoconfig.o(i.vApplicationIPNetworkEventHook) refers to _printf_u.o(.ARM.Collect$$_printf_percent$$0000000A) for _printf_u
    netinfoconfig.o(i.vApplicationIPNetworkEventHook) refers to _printf_dec.o(.text) for _printf_int_dec
    netinfoconfig.o(i.vApplicationIPNetworkEventHook) refers to netinfoconfig.o(i.UDP_DEBUG_INIT) for UDP_DEBUG_INIT
    netinfoconfig.o(i.vApplicationIPNetworkEventHook) refers to freertos_ip.o(i.FreeRTOS_GetAddressConfiguration) for FreeRTOS_GetAddressConfiguration
    netinfoconfig.o(i.vApplicationIPNetworkEventHook) refers to __2sprintf.o(.text) for __2sprintf
    netinfoconfig.o(i.vApplicationIPNetworkEventHook) refers to netinfoconfig.o(i.lUDPLoggingPrintf) for lUDPLoggingPrintf
    netinfoconfig.o(i.vApplicationIPNetworkEventHook) refers to netinfoconfig.o(.data) for xTasksAlreadyCreated
    netinfoconfig.o(i.vApplicationPingReplyHook) refers to queue.o(i.xQueueGenericSend) for xQueueGenericSend
    netinfoconfig.o(i.vApplicationPingReplyHook) refers to netinfoconfig.o(.data) for xPingReplyQueue
    netinfoconfig.o(i.xApplicationDNSQueryHook) refers to netinfoconfig.o(i.pcApplicationHostnameHook) for pcApplicationHostnameHook
    netinfoconfig.o(i.xApplicationDNSQueryHook) refers to strcmpv7m.o(.text) for strcmp
    netinfoconfig.o(i.xPingReplyQueueCreate) refers to queue.o(i.xQueueGenericCreate) for xQueueGenericCreate
    netinfoconfig.o(i.xPingReplyQueueCreate) refers to netinfoconfig.o(.data) for xPingReplyQueue
    randomnum.o(i.RNG_init) refers to stm32f4xx_hal_rng.o(i.HAL_RNG_DeInit) for HAL_RNG_DeInit
    randomnum.o(i.RNG_init) refers to randomnum.o(i.Error_Handler) for Error_Handler
    randomnum.o(i.RNG_init) refers to stm32f4xx_hal_rng.o(i.HAL_RNG_Init) for HAL_RNG_Init
    randomnum.o(i.RNG_init) refers to randomnum.o(.bss) for RngHandle
    randomnum.o(i.getRandomNum) refers to stm32f4xx_hal_rng.o(i.HAL_RNG_GenerateRandomNumber) for HAL_RNG_GenerateRandomNumber
    randomnum.o(i.getRandomNum) refers to randomnum.o(i.Error_Handler) for Error_Handler
    randomnum.o(i.getRandomNum) refers to randomnum.o(.bss) for RngHandle
    randomnum.o(i.getRandomNumTo) refers to stm32f4xx_hal_rng.o(i.HAL_RNG_GenerateRandomNumber) for HAL_RNG_GenerateRandomNumber
    randomnum.o(i.getRandomNumTo) refers to randomnum.o(i.Error_Handler) for Error_Handler
    randomnum.o(i.getRandomNumTo) refers to randomnum.o(.bss) for RngHandle
    port.o(.emb_text) refers to tasks.o(i.vTaskSwitchContext) for vTaskSwitchContext
    port.o(.emb_text) refers to tasks.o(.data) for pxCurrentTCB
    port.o(i.SysTick_Handler) refers to stm32f4xx_hal.o(i.HAL_IncTick) for HAL_IncTick
    port.o(i.SysTick_Handler) refers to tasks.o(i.xTaskIncrementTick) for xTaskIncrementTick
    port.o(i.pxPortInitialiseStack) refers to port.o(i.prvTaskExitError) for prvTaskExitError
    port.o(i.vPortEnterCritical) refers to port.o(.data) for uxCriticalNesting
    port.o(i.vPortExitCritical) refers to port.o(.data) for uxCriticalNesting
    port.o(i.xPortStartScheduler) refers to port.o(i.vPortSetupTimerInterrupt) for vPortSetupTimerInterrupt
    port.o(i.xPortStartScheduler) refers to port.o(.emb_text) for __asm___6_port_c_39a90d8d__prvEnableVFP
    port.o(i.xPortStartScheduler) refers to port.o(.data) for uxCriticalNesting
    queue.o(i.prvCopyDataFromQueue) refers to rt_memcpy_v6.o(.text) for __aeabi_memcpy
[...]
    TIM4_IRQHandler                          0x080003e7   Thumb Code     0  startup_stm32f407xx.o(.text)
    TIM5_IRQHandler                          0x080003e7   Thumb Code     0  startup_stm32f407xx.o(.text)
    TIM6_DAC_IRQHandler                      0x080003e7   Thumb Code     0  startup_stm32f407xx.o(.text)
    TIM7_IRQHandler                          0x080003e7   Thumb Code     0  startup_stm32f407xx.o(.text)
    TIM8_BRK_TIM12_IRQHandler                0x080003e7   Thumb Code     0  startup_stm32f407xx.o(.text)
    TIM8_CC_IRQHandler                       0x080003e7   Thumb Code     0  startup_stm32f407xx.o(.text)
    TIM8_TRG_COM_TIM14_IRQHandler            0x080003e7   Thumb Code     0  startup_stm32f407xx.o(.text)
    TIM8_UP_TIM13_IRQHandler                 0x080003e7   Thumb Code     0  startup_stm32f407xx.o(.text)
    UART4_IRQHandler                         0x080003e7   Thumb Code     0  startup_stm32f407xx.o(.text)
    UART5_IRQHandler                         0x080003e7   Thumb Code     0  startup_stm32f407xx.o(.text)
    USART1_IRQHandler                        0x080003e7   Thumb Code     0  startup_stm32f407xx.o(.text)
    USART2_IRQHandler                        0x080003e7   Thumb Code     0  startup_stm32f407xx.o(.text)
    USART3_IRQHandler                        0x080003e7   Thumb Code     0  startup_stm32f407xx.o(.text)
    USART6_IRQHandler                        0x080003e7   Thumb Code     0  startup_stm32f407xx.o(.text)
    WWDG_IRQHandler                          0x080003e7   Thumb Code     0  startup_stm32f407xx.o(.text)
    __user_initial_stackheap                 0x080003e9   Thumb Code     0  startup_stm32f407xx.o(.text)
    vsnprintf                                0x0800040d   Thumb Code    48  vsnprintf.o(.text)
    _snprintf                                0x08000441   Thumb Code    50  _snprintf.o(.text)
    __2sprintf                               0x08000479   Thumb Code    38  __2sprintf.o(.text)
    _printf_int_dec                          0x080004a5   Thumb Code   104  _printf_dec.o(.text)
    __printf                                 0x0800051d   Thumb Code   388  __printf_flags_ss_wp.o(.text)
    memcmp                                   0x080006a5   Thumb Code    88  memcmp.o(.text)
    strlen                                   0x080006fd   Thumb Code    62  strlen.o(.text)
    strncmp                                  0x0800073b   Thumb Code   150  strncmp.o(.text)
    __aeabi_memcpy                           0x080007d1   Thumb Code     0  rt_memcpy_v6.o(.text)
    __rt_memcpy                              0x080007d1   Thumb Code   138  rt_memcpy_v6.o(.text)
    _memcpy_lastbytes                        0x08000837   Thumb Code     0  rt_memcpy_v6.o(.text)
    __aeabi_memmove                          0x0800085b   Thumb Code     0  rt_memmove_v6.o(.text)
    __rt_memmove                             0x0800085b   Thumb Code   132  rt_memmove_v6.o(.text)
    __memmove_lastfew                        0x080008bb   Thumb Code     0  rt_memmove_v6.o(.text)
    __aeabi_memcpy4                          0x080008df   Thumb Code     0  rt_memcpy_w.o(.text)
    __aeabi_memcpy8                          0x080008df   Thumb Code     0  rt_memcpy_w.o(.text)
    __rt_memcpy_w                            0x080008df   Thumb Code   100  rt_memcpy_w.o(.text)
    _memcpy_lastbytes_aligned                0x08000927   Thumb Code     0  rt_memcpy_w.o(.text)
    __aeabi_memclr                           0x08000943   Thumb Code     0  rt_memclr.o(.text)
    __rt_memclr                              0x08000943   Thumb Code    68  rt_memclr.o(.text)
    _memset                                  0x08000947   Thumb Code     0  rt_memclr.o(.text)
    __aeabi_memclr4                          0x08000987   Thumb Code     0  rt_memclr_w.o(.text)
    __aeabi_memclr8                          0x08000987   Thumb Code     0  rt_memclr_w.o(.text)
    __rt_memclr_w                            0x08000987   Thumb Code    78  rt_memclr_w.o(.text)
    _memset_w                                0x0800098b   Thumb Code     0  rt_memclr_w.o(.text)
    strncpy                                  0x080009d5   Thumb Code    86  strncpy.o(.text)
    strcmp                                   0x08000a2d   Thumb Code   128  strcmpv7m.o(.text)
    __use_two_region_memory                  0x08000aad   Thumb Code     2  heapauxi.o(.text)
    __rt_heap_escrow$2region                 0x08000aaf   Thumb Code     2  heapauxi.o(.text)
    __rt_heap_expand$2region                 0x08000ab1   Thumb Code     2  heapauxi.o(.text)
    _printf_pre_padding                      0x08000ab3   Thumb Code    44  _printf_pad.o(.text)
    _printf_post_padding                     0x08000adf   Thumb Code    34  _printf_pad.o(.text)
    _printf_truncate_signed                  0x08000b01   Thumb Code    18  _printf_truncate.o(.text)
    _printf_truncate_unsigned                0x08000b13   Thumb Code    18  _printf_truncate.o(.text)
    _printf_str                              0x08000b25   Thumb Code    82  _printf_str.o(.text)
    _printf_int_common                       0x08000b77   Thumb Code   178  _printf_intcommon.o(.text)
    _printf_charcount                        0x08000c29   Thumb Code    40  _printf_charcount.o(.text)
    _printf_char_common                      0x08000c5b   Thumb Code    32  _printf_char_common.o(.text)
    _sputc                                   0x08000c81   Thumb Code    10  _sputc.o(.text)
    _snputc                                  0x08000c8b   Thumb Code    16  _snputc.o(.text)
    _printf_wctomb                           0x08000c9d   Thumb Code   182  _printf_wctomb.o(.text)
    _printf_longlong_dec                     0x08000d59   Thumb Code   108  _printf_longlong_dec.o(.text)
    _printf_longlong_oct                     0x08000dd5   Thumb Code    66  _printf_oct_int_ll.o(.text)
    _printf_int_oct                          0x08000e17   Thumb Code    24  _printf_oct_int_ll.o(.text)
    _printf_ll_oct                           0x08000e2f   Thumb Code    12  _printf_oct_int_ll.o(.text)
    _printf_longlong_hex                     0x08000e45   Thumb Code    86  _printf_hex_int_ll_ptr.o(.text)
    _printf_int_hex                          0x08000e9b   Thumb Code    28  _printf_hex_int_ll_ptr.o(.text)
    _printf_ll_hex                           0x08000eb7   Thumb Code    12  _printf_hex_int_ll_ptr.o(.text)
    _printf_hex_ptr                          0x08000ec3   Thumb Code    18  _printf_hex_int_ll_ptr.o(.text)
    __aeabi_memmove4                         0x08000ed9   Thumb Code     0  rt_memmove_w.o(.text)
    __aeabi_memmove8                         0x08000ed9   Thumb Code     0  rt_memmove_w.o(.text)
    __rt_memmove_w                           0x08000ed9   Thumb Code   122  rt_memmove_w.o(.text)
    __memmove_aligned                        0x08000eff   Thumb Code     0  rt_memmove_w.o(.text)
    __memmove_lastfew_aligned                0x08000f37   Thumb Code     0  rt_memmove_w.o(.text)
    _ll_udiv10                               0x08000f53   Thumb Code   138  lludiv10.o(.text)
    __lib_sel_fp_printf                      0x08000fdd   Thumb Code     2  _printf_fp_dec.o(.text)
    _printf_fp_dec_real                      0x0800118b   Thumb Code   620  _printf_fp_dec.o(.text)
    _printf_fp_hex_real                      0x080013f9   Thumb Code   756  _printf_fp_hex.o(.text)
    _printf_cs_common                        0x080016f5   Thumb Code    20  _printf_char.o(.text)
    _printf_char                             0x08001709   Thumb Code    16  _printf_char.o(.text)
    _printf_string                           0x08001719   Thumb Code     8  _printf_char.o(.text)
    _printf_lcs_common                       0x08001721   Thumb Code    20  _printf_wchar.o(.text)
    _printf_wchar                            0x08001735   Thumb Code    16  _printf_wchar.o(.text)
    _printf_wstring                          0x08001745   Thumb Code     8  _printf_wchar.o(.text)
    _wcrtomb                                 0x0800174d   Thumb Code    64  _wcrtomb.o(.text)
    __user_setup_stackheap                   0x0800178d   Thumb Code    74  sys_stackheap_outer.o(.text)
    __rt_ctype_table                         0x080017d9   Thumb Code    16  rt_ctype_table.o(.text)
    __rt_locale                              0x080017e9   Thumb Code     8  rt_locale_intlibspace.o(.text)
    _printf_fp_infnan                        0x080017f1   Thumb Code   112  _printf_fp_infnan.o(.text)
    _btod_etento                             0x08001871   Thumb Code   216  bigflt0.o(.text)
    exit                                     0x0800194d   Thumb Code    18  exit.o(.text)
    __user_libspace                          0x08001961   Thumb Code     8  libspace.o(.text)
    __user_perproc_libspace                  0x08001961   Thumb Code     0  libspace.o(.text)
    __user_perthread_libspace                0x08001961   Thumb Code     0  libspace.o(.text)
    _sys_exit                                0x08001969   Thumb Code     8  sys_exit.o(.text)
    __I$use$semihosting                      0x08001975   Thumb Code     0  use_no_semi.o(.text)
    __use_no_semihosting_swi                 0x08001975   Thumb Code     2  use_no_semi.o(.text)
    __semihosting_library_function           0x08001977   Thumb Code     0  indicate_semi.o(.text)
    _btod_d2e                                0x08001977   Thumb Code    62  btod.o(CL$$btod_d2e)
    _d2e_denorm_low                          0x080019b5   Thumb Code    70  btod.o(CL$$btod_d2e_denorm_low)
    _d2e_norm_op1                            0x080019fb   Thumb Code    96  btod.o(CL$$btod_d2e_norm_op1)
    __btod_div_common                        0x08001a5b   Thumb Code   696  btod.o(CL$$btod_div_common)
    _e2e                                     0x08001d93   Thumb Code   198  btod.o(CL$$btod_e2e)
    _btod_ediv                               0x08001e59   Thumb Code    40  btod.o(CL$$btod_ediv)
    _btod_emul                               0x08001e81   Thumb Code    40  btod.o(CL$$btod_emul)
    __btod_mult_common                       0x08001ea9   Thumb Code   580  btod.o(CL$$btod_mult_common)
    ETH_IRQHandler                           0x08002245   Thumb Code    72  emac_stm32f4xx.o(i.ETH_IRQHandler)
    FreeRTOS_GetAddressConfiguration         0x08002425   Thumb Code    36  freertos_ip.o(i.FreeRTOS_GetAddressConfiguration)
    FreeRTOS_GetTCPStateName                 0x08002451   Thumb Code    16  freertos_tcp_ip.o(i.FreeRTOS_GetTCPStateName)
    FreeRTOS_GetUDPPayloadBuffer             0x08002465   Thumb Code    48  freertos_ip.o(i.FreeRTOS_GetUDPPayloadBuffer)
    FreeRTOS_IPInit                          0x08002495   Thumb Code   254  freertos_ip.o(i.FreeRTOS_IPInit)
    FreeRTOS_NetworkDown                     0x080025b5   Thumb Code    32  freertos_ip.o(i.FreeRTOS_NetworkDown)
    FreeRTOS_OutputARPRequest                0x080025dd   Thumb Code    34  freertos_arp.o(i.FreeRTOS_OutputARPRequest)
    FreeRTOS_ReleaseUDPPayloadBuffer         0x080025ff   Thumb Code    18  freertos_ip.o(i.FreeRTOS_ReleaseUDPPayloadBuffer)
    FreeRTOS_SignalSocket                    0x08002611   Thumb Code    62  freertos_sockets.o(i.FreeRTOS_SignalSocket)
    FreeRTOS_bind                            0x0800264f   Thumb Code   138  freertos_sockets.o(i.FreeRTOS_bind)
    FreeRTOS_closesocket                     0x080026d9   Thumb Code    48  freertos_sockets.o(i.FreeRTOS_closesocket)
    FreeRTOS_recvfrom                        0x08002741   Thumb Code   306  freertos_sockets.o(i.FreeRTOS_recvfrom)
    FreeRTOS_rx_size                         0x08002881   Thumb Code    40  freertos_sockets.o(i.FreeRTOS_rx_size)
    FreeRTOS_sendto                          0x080028a9   Thumb Code   210  freertos_sockets.o(i.FreeRTOS_sendto)
    FreeRTOS_setsockopt                      0x08002981   Thumb Code   564  freertos_sockets.o(i.FreeRTOS_setsockopt)
    FreeRTOS_socket                          0x08002bb5   Thumb Code   204  freertos_sockets.o(i.FreeRTOS_socket)
    FreeRTOS_tx_size                         0x08002c81   Thumb Code    40  freertos_sockets.o(i.FreeRTOS_tx_size)
    FreeRTOS_tx_space                        0x08002ca9   Thumb Code    40  freertos_sockets.o(i.FreeRTOS_tx_space)
    HAL_GPIO_DeInit                          0x08002e31   Thumb Code   326  stm32f4xx_hal_gpio.o(i.HAL_GPIO_DeInit)
    HAL_GPIO_Init                            0x08002fa5   Thumb Code   476  stm32f4xx_hal_gpio.o(i.HAL_GPIO_Init)
    HAL_GetTick                              0x080031b1   Thumb Code     6  stm32f4xx_hal.o(i.HAL_GetTick)
    HAL_IncTick                              0x080031bd   Thumb Code    12  stm32f4xx_hal.o(i.HAL_IncTick)
    HAL_NVIC_SetPriority                     0x080031cd   Thumb Code   124  stm32f4xx_hal_cortex.o(i.HAL_NVIC_SetPriority)
    HAL_NVIC_SetPriorityGrouping             0x08003249   Thumb Code    32  stm32f4xx_hal_cortex.o(i.HAL_NVIC_SetPriorityGrouping)
    HAL_RCC_GetHCLKFreq                      0x08003271   Thumb Code     6  stm32f4xx_hal_rcc.o(i.HAL_RCC_GetHCLKFreq)
    HAL_RNG_DeInit                           0x0800327d   Thumb Code    54  stm32f4xx_hal_rng.o(i.HAL_RNG_DeInit)
    HAL_RNG_GenerateRandomNumber             0x080032b3   Thumb Code   118  stm32f4xx_hal_rng.o(i.HAL_RNG_GenerateRandomNumber)
    HAL_RNG_Init                             0x08003329   Thumb Code    74  stm32f4xx_hal_rng.o(i.HAL_RNG_Init)
    HAL_RNG_MspDeInit                        0x08003373   Thumb Code     2  stm32f4xx_hal_rng.o(i.HAL_RNG_MspDeInit)
    HAL_RNG_MspInit                          0x08003375   Thumb Code     2  stm32f4xx_hal_rng.o(i.HAL_RNG_MspInit)
    IP_init                                  0x08003379   Thumb Code    20  netinfoconfig.o(i.IP_init)
    RNG_init                                 0x080038e1   Thumb Code    66  randomnum.o(i.RNG_init)
    SetSysClock                              0x08003d3d   Thumb Code   220  system_stm32f4xx.o(i.SetSysClock)
    SysTick_Handler                          0x08003e29   Thumb Code    50  port.o(i.SysTick_Handler)
    SystemInit                               0x08003e61   Thumb Code    88  system_stm32f4xx.o(i.SystemInit)
    __ARM_fpclassify                         0x08003f8d   Thumb Code    48  fpclassify.o(i.__ARM_fpclassify)
    _is_digit                                0x08003ff5   Thumb Code    14  __printf_wp.o(i._is_digit)
    eARPGetCacheEntry                        0x08004055   Thumb Code   130  freertos_arp.o(i.eARPGetCacheEntry)
    eARPProcessPacket                        0x080040ed   Thumb Code   156  freertos_arp.o(i.eARPProcessPacket)
    eConsiderFrameForProcessing              0x08004191   Thumb Code    82  freertos_ip.o(i.eConsiderFrameForProcessing)
    ethernet_mac_notify                      0x080041f1   Thumb Code    48  networkinterface.o(i.ethernet_mac_notify)
    getRandomNum                             0x08004225   Thumb Code    20  randomnum.o(i.getRandomNum)
    lTCPAddRxdata                            0x08004305   Thumb Code   142  freertos_sockets.o(i.lTCPAddRxdata)
    lTCPWindowRxCheck                        0x0800439d   Thumb Code   352  freertos_tcp_win.o(i.lTCPWindowRxCheck)
    lTCPWindowTxAdd                          0x08004505   Thumb Code   286  freertos_tcp_win.o(i.lTCPWindowTxAdd)
    lUDPLoggingPrintf                        0x08004629   Thumb Code    46  netinfoconfig.o(i.lUDPLoggingPrintf)
    macIntialise                             0x08004659   Thumb Code   110  networkinterface.o(i.macIntialise)
    main                                     0x080046dd   Thumb Code    22  main.o(i.main)
    pcApplicationHostnameHook                0x080046f5   Thumb Code     4  netinfoconfig.o(i.pcApplicationHostnameHook)
    phyIntialise                             0x08004709   Thumb Code    88  networkinterface.o(i.phyIntialise)
    pvPortMalloc                             0x080078f5   Thumb Code   188  heap_4.o(i.pvPortMalloc)
    pvTaskIncrementMutexHeldCount            0x080079c5   Thumb Code    26  tasks.o(i.pvTaskIncrementMutexHeldCount)
    pxDuplicateNetworkBufferWithDescriptor   0x080079e5   Thumb Code    44  freertos_ip.o(i.pxDuplicateNetworkBufferWithDescriptor)
    pxGetNetworkBufferWithDescriptor         0x08007a11   Thumb Code   130  bufferallocation_2.o(i.pxGetNetworkBufferWithDescriptor)
    pxPortInitialiseStack                    0x08007ad1   Thumb Code    38  port.o(i.pxPortInitialiseStack)
    pxTCPSocketLookup                        0x08007afd   Thumb Code    88  freertos_sockets.o(i.pxTCPSocketLookup)
    pxUDPPayloadBuffer_to_NetworkBuffer      0x08007b59   Thumb Code    26  freertos_ip.o(i.pxUDPPayloadBuffer_to_NetworkBuffer)
    pxUDPSocketLookup                        0x08007b75   Thumb Code    24  freertos_sockets.o(i.pxUDPSocketLookup)
    ulDNSHandlePacket                        0x08007c29   Thumb Code    24  freertos_dns.o(i.ulDNSHandlePacket)
    ulTCPWindowTxAck                         0x08007c41   Thumb Code    42  freertos_tcp_win.o(i.ulTCPWindowTxAck)
    ulTCPWindowTxGet                         0x08007c6d   Thumb Code   338  freertos_tcp_win.o(i.ulTCPWindowTxGet)
    ulTCPWindowTxSack                        0x08007dc5   Thumb Code    68  freertos_tcp_win.o(i.ulTCPWindowTxSack)
    ulTaskNotifyTake                         0x08007e0d   Thumb Code   108  tasks.o(i.ulTaskNotifyTake)
    uxGetMinimumFreeNetworkBuffers           0x08007e9d   Thumb Code     6  bufferallocation_2.o(i.uxGetMinimumFreeNetworkBuffers)
    uxGetNumberOfFreeNetworkBuffers          0x08007ea9   Thumb Code     6  bufferallocation_2.o(i.uxGetNumberOfFreeNetworkBuffers)
    uxListRemove                             0x08007eb5   Thumb Code    40  list.o(i.uxListRemove)
    uxQueueMessagesWaiting                   0x08007edd   Thumb Code    18  queue.o(i.uxQueueMessagesWaiting)
    uxRand                                   0x08007eef   Thumb Code     8  netinfoconfig.o(i.uxRand)
    uxStreamBufferAdd                        0x08007ef7   Thumb Code   248  freertos_stream_buffer.o(i.uxStreamBufferAdd)
    uxStreamBufferGet                        0x0800802d   Thumb Code   174  freertos_stream_buffer.o(i.uxStreamBufferGet)
    uxTaskResetEventItemValue                0x08008155   Thumb Code    24  tasks.o(i.uxTaskResetEventItemValue)
    vARPAgeCache                             0x08008171   Thumb Code   174  freertos_arp.o(i.vARPAgeCache)
    vARPGenerateRequestPacket                0x0800822d   Thumb Code    62  freertos_arp.o(i.vARPGenerateRequestPacket)
    vARPRefreshCacheEntry                    0x08008275   Thumb Code   330  freertos_arp.o(i.vARPRefreshCacheEntry)
    vARPSendGratuitous                       0x080083cd   Thumb Code    16  freertos_arp.o(i.vARPSendGratuitous)
    vApplicationIPNetworkEventHook           0x080083e1   Thumb Code   194  netinfoconfig.o(i.vApplicationIPNetworkEventHook)
    vApplicationPingReplyHook                0x08008515   Thumb Code    40  netinfoconfig.o(i.vApplicationPingReplyHook)
    vDHCPProcess                             0x08008541   Thumb Code   494  freertos_dhcp.o(i.vDHCPProcess)
    vDNSCheckCallBack                        0x08008741   Thumb Code   118  freertos_dns.o(i.vDNSCheckCallBack)
    vDNSInitialise                           0x08008821   Thumb Code    10  freertos_dns.o(i.vDNSInitialise)
    vEventGroupDelete                        0x08008831   Thumb Code    42  event_groups.o(i.vEventGroupDelete)
    vIPNetworkUpCalls                        0x0800885d   Thumb Code    30  freertos_ip.o(i.vIPNetworkUpCalls)
    vIPReloadDHCPTimer                       0x08008885   Thumb Code    14  freertos_ip.o(i.vIPReloadDHCPTimer)
    vIPSetDHCPTimerEnableState               0x08008899   Thumb Code    32  freertos_ip.o(i.vIPSetDHCPTimerEnableState)
    vIPSetDnsTimerEnableState                0x080088bd   Thumb Code    32  freertos_ip.o(i.vIPSetDnsTimerEnableState)
    vListInitialise                          0x080088e1   Thumb Code    26  list.o(i.vListInitialise)
    vListInitialiseItem                      0x080088fb   Thumb Code     6  list.o(i.vListInitialiseItem)
    vListInsert                              0x08008901   Thumb Code    52  list.o(i.vListInsert)
    vListInsertEnd                           0x08008935   Thumb Code    24  list.o(i.vListInsertEnd)
    vListInsertGeneric                       0x08008961   Thumb Code    22  freertos_tcp_win.o(i.vListInsertGeneric)
    vNetworkSocketsInit                      0x08008979   Thumb Code    76  freertos_sockets.o(i.vNetworkSocketsInit)
    vPortEnterCritical                       0x080089d5   Thumb Code    30  port.o(i.vPortEnterCritical)
    vPortExitCritical                        0x080089f9   Thumb Code    28  port.o(i.vPortExitCritical)
    vPortFree                                0x08008a19   Thumb Code    64  heap_4.o(i.vPortFree)
    vPortSetupTimerInterrupt                 0x08008a61   Thumb Code    14  port.o(i.vPortSetupTimerInterrupt)
    vProcessGeneratedUDPPacket               0x08008a75   Thumb Code   186  freertos_udp_ip.o(i.vProcessGeneratedUDPPacket)
    vQueueDelete                             0x08008b39   Thumb Code    14  queue.o(i.vQueueDelete)
    vQueueWaitForMessageRestricted           0x08008b47   Thumb Code    74  queue.o(i.vQueueWaitForMessageRestricted)
    vReleaseNetworkBuffer                    0x08008b91   Thumb Code    16  bufferallocation_2.o(i.vReleaseNetworkBuffer)
    vReleaseNetworkBufferAndDescriptor       0x08008ba1   Thumb Code    66  bufferallocation_2.o(i.vReleaseNetworkBufferAndDescriptor)
    vReturnEthernetFrame                     0x08008bed   Thumb Code    40  freertos_ip.o(i.vReturnEthernetFrame)
    vSocketBind                              0x08008c19   Thumb Code   126  freertos_sockets.o(i.vSocketBind)
    vSocketClose                             0x08008ca1   Thumb Code   128  freertos_sockets.o(i.vSocketClose)
    vSocketSelect                            0x08008d21   Thumb Code   366  freertos_sockets.o(i.vSocketSelect)
    vSocketWakeUpUser                        0x08008e99   Thumb Code    64  freertos_sockets.o(i.vSocketWakeUpUser)
    vTCPNetStat                              0x08008ed9   Thumb Code   246  freertos_sockets.o(i.vTCPNetStat)
    vTCPStateChange                          0x08009081   Thumb Code   278  freertos_tcp_ip.o(i.vTCPStateChange)
    vTCPWindowCreate                         0x080091a5   Thumb Code    96  freertos_tcp_win.o(i.vTCPWindowCreate)
    vTCPWindowDestroy                        0x0800920d   Thumb Code    64  freertos_tcp_win.o(i.vTCPWindowDestroy)
    vTCPWindowInit                           0x08009281   Thumb Code    84  freertos_tcp_win.o(i.vTCPWindowInit)
    vTaskDelay                               0x080092d5   Thumb Code    46  tasks.o(i.vTaskDelay)
    vTaskMissedYield                         0x08009309   Thumb Code     8  tasks.o(i.vTaskMissedYield)
    vTaskPlaceOnEventList                    0x08009315   Thumb Code    28  tasks.o(i.vTaskPlaceOnEventList)
    vTaskPlaceOnEventListRestricted          0x08009335   Thumb Code    36  tasks.o(i.vTaskPlaceOnEventListRestricted)
    vTaskPlaceOnUnorderedEventList           0x0800935d   Thumb Code    40  tasks.o(i.vTaskPlaceOnUnorderedEventList)
    vTaskPriorityInherit                     0x08009389   Thumb Code   164  tasks.o(i.vTaskPriorityInherit)
    vTaskSetTimeOutState                     0x08009439   Thumb Code    14  tasks.o(i.vTaskSetTimeOutState)
    vTaskStartScheduler                      0x08009451   Thumb Code    82  tasks.o(i.vTaskStartScheduler)
    vTaskSuspendAll                          0x080094c1   Thumb Code    12  tasks.o(i.vTaskSuspendAll)
    vTaskSwitchContext                       0x080094d1   Thumb Code    76  tasks.o(i.vTaskSwitchContext)
    xApplicationDNSQueryHook                 0x08009531   Thumb Code    44  netinfoconfig.o(i.xApplicationDNSQueryHook)
    xEventGroupClearBits                     0x08009569   Thumb Code    32  event_groups.o(i.xEventGroupClearBits)
    xEventGroupCreate                        0x08009589   Thumb Code    26  event_groups.o(i.xEventGroupCreate)
    xEventGroupSetBits                       0x080095a3   Thumb Code   146  event_groups.o(i.xEventGroupSetBits)
    xEventGroupWaitBits                      0x08009635   Thumb Code   194  event_groups.o(i.xEventGroupWaitBits)
    xIPIsNetworkTaskReady                    0x080096fd   Thumb Code     6  freertos_ip.o(i.xIPIsNetworkTaskReady)
    xIsCallingFromIPTask                     0x08009709   Thumb Code    24  freertos_ip.o(i.xIsCallingFromIPTask)
    xIsDHCPSocket                            0x08009725   Thumb Code    18  freertos_dhcp.o(i.xIsDHCPSocket)
    xNetworkBuffersInitialise                0x0800973d   Thumb Code   126  bufferallocation_2.o(i.xNetworkBuffersInitialise)
    xNetworkInterfaceInitialise              0x080097cd   Thumb Code   182  networkinterface.o(i.xNetworkInterfaceInitialise)
    xNetworkInterfaceOutput                  0x080098ad   Thumb Code    26  networkinterface.o(i.xNetworkInterfaceOutput)
    xPortStartScheduler                      0x080098c9   Thumb Code    58  port.o(i.xPortStartScheduler)
    xProcessReceivedTCPPacket                0x08009911   Thumb Code   402  freertos_tcp_ip.o(i.xProcessReceivedTCPPacket)
    xProcessReceivedUDPPacket                0x08009aa3   Thumb Code   212  freertos_udp_ip.o(i.xProcessReceivedUDPPacket)
    xQueueCreateCountingSemaphore            0x08009b77   Thumb Code    26  queue.o(i.xQueueCreateCountingSemaphore)
    xQueueGenericCreate                      0x08009b91   Thumb Code    56  queue.o(i.xQueueGenericCreate)
    xQueueGenericReceive                     0x08009bc9   Thumb Code   342  queue.o(i.xQueueGenericReceive)
    xQueueGenericReset                       0x08009d25   Thumb Code   122  queue.o(i.xQueueGenericReset)
    xQueueGenericSend                        0x08009da5   Thumb Code   276  queue.o(i.xQueueGenericSend)
    xQueueGenericSendFromISR                 0x08009ebd   Thumb Code   134  queue.o(i.xQueueGenericSendFromISR)
    xSendEventStructToIPTask                 0x08009f45   Thumb Code   100  freertos_ip.o(i.xSendEventStructToIPTask)
    xSendEventToIPTask                       0x08009fb1   Thumb Code    24  freertos_ip.o(i.xSendEventToIPTask)
    xTCPCheckNewClient                       0x08009fed   Thumb Code    76  freertos_tcp_ip.o(i.xTCPCheckNewClient)
    xTCPSocketCheck                          0x0800a03d   Thumb Code   144  freertos_tcp_ip.o(i.xTCPSocketCheck)
    xTCPTimerCheck                           0x0800a0d1   Thumb Code   148  freertos_sockets.o(i.xTCPTimerCheck)
    xTCPWindowRxEmpty                        0x0800a285   Thumb Code    46  freertos_tcp_win.o(i.xTCPWindowRxEmpty)
    xTCPWindowTxDone                         0x0800a2d9   Thumb Code    16  freertos_tcp_win.o(i.xTCPWindowTxDone)
    xTCPWindowTxHasData                      0x0800a2e9   Thumb Code   140  freertos_tcp_win.o(i.xTCPWindowTxHasData)
    xTaskCheckForTimeOut                     0x0800a375   Thumb Code    84  tasks.o(i.xTaskCheckForTimeOut)
    xTaskCreate                              0x0800a3d1   Thumb Code    96  tasks.o(i.xTaskCreate)
    xTaskGenericNotify                       0x0800a431   Thumb Code   178  tasks.o(i.xTaskGenericNotify)
    xTaskGetCurrentTaskHandle                0x0800a4f5   Thumb Code     6  tasks.o(i.xTaskGetCurrentTaskHandle)
    xTaskGetSchedulerState                   0x0800a501   Thumb Code    24  tasks.o(i.xTaskGetSchedulerState)
    xTaskGetTickCount                        0x0800a521   Thumb Code     6  tasks.o(i.xTaskGetTickCount)
    xTaskIncrementTick                       0x0800a52d   Thumb Code   238  tasks.o(i.xTaskIncrementTick)
    xTaskPriorityDisinherit                  0x0800a649   Thumb Code   122  tasks.o(i.xTaskPriorityDisinherit)
    xTaskRemoveFromEventList                 0x0800a6cd   Thumb Code   104  tasks.o(i.xTaskRemoveFromEventList)
    xTaskRemoveFromUnorderedEventList        0x0800a74d   Thumb Code    94  tasks.o(i.xTaskRemoveFromUnorderedEventList)
    xTaskResumeAll                           0x0800a7bd   Thumb Code   196  tasks.o(i.xTaskResumeAll)
    xTimerCreateTimerTask                    0x0800a8a5   Thumb Code    40  timers.o(i.xTimerCreateTimerTask)
    xTimerGenericCommand                     0x0800a8e1   Thumb Code   104  timers.o(i.xTimerGenericCommand)
    _get_lc_numeric                          0x0800a94d   Thumb Code    44  lc_numeric_c.o(locale$$code)
    _get_lc_ctype                            0x0800a979   Thumb Code    44  lc_ctype_c.o(locale$$code)
    _fp_init                                 0x0800a9a5   Thumb Code    10  fpinit.o(x$fpl$fpinit)
    __fplib_config_fpu_vfp                   0x0800a9ad   Thumb Code     0  fpinit.o(x$fpl$fpinit)
    __fplib_config_pureend_doubles           0x0800a9ad   Thumb Code     0  fpinit.o(x$fpl$fpinit)
    _printf_fp_dec                           0x0800a9af   Thumb Code     4  printf1.o(x$fpl$printf1)
    _printf_fp_hex                           0x0800a9b3   Thumb Code     4  printf2.o(x$fpl$printf2)
    __I$use$fp                               0x0800a9b6   Number         0  usenofp.o(x$fpl$usenofp)
    ucIPAddress                              0x0800a9b6   Data           4  netinfoconfig.o(.constdata)
    ucNetMask                                0x0800a9ba   Data           4  netinfoconfig.o(.constdata)
    ucGatewayAddress                         0x0800a9be   Data           4  netinfoconfig.o(.constdata)
    ucDNSServerAddress                       0x0800a9c2   Data           4  netinfoconfig.o(.constdata)
    ucMACAddress                             0x0800a9c6   Data           6  netinfoconfig.o(.constdata)
    xLLMNR_MacAdress                         0x0800aa1b   Data           6  freertos_dns.o(.constdata)
    xBroadcastMACAddress                     0x0800aa30   Data           6  freertos_ip.o(.constdata)
    xBufferAllocFixedSize                    0x0800aa58   Data           4  bufferallocation_2.o(.constdata)
    Driver_ETH_PHY0                          0x0800aa60   Data          32  phy_dp83848c.o(.constdata)
    Driver_ETH_MAC0                          0x0800aad0   Data          68  emac_stm32f4xx.o(.constdata)
    Region$$Table$$Base                      0x0800ad00   Number         0  anon$$obj.o(Region$$Table)
    Region$$Table$$Limit                     0x0800ad20   Number         0  anon$$obj.o(Region$$Table)
    __ctype                                  0x0800ad49   Data           0  lc_ctype_c.o(locale$$data)
    xPingReplyQueue                          0x20000000   Data           4  netinfoconfig.o(.data)
    UDP_DEBUG_SOCKET                         0x20000004   Data           4  netinfoconfig.o(.data)
    pxCurrentTCB                             0x20000018   Data           4  tasks.o(.data)
    xNetworkEventQueue                       0x20000094   Data           4  freertos_ip.o(.data)
    usPacketIdentifier                       0x20000098   Data           2  freertos_ip.o(.data)
    ulNextInitialSequenceNumber              0x200000f8   Data           4  freertos_tcp_ip.o(.data)
    xTCPWindowLoggingLevel                   0x20000100   Data           4  freertos_tcp_win.o(.data)
    xDefaultPartUDPPacketHeader              0x20000104   Data          24  freertos_udp_ip.o(.data)
    uwTick                                   0x2000013c   Data           4  stm32f4xx_hal.o(.data)
    SystemCoreClock                          0x20000140   Data           4  system_stm32f4xx.o(.data)
    RngHandle                                0x20000144   Data          12  randomnum.o(.bss)
    xNetworkAddressing                       0x2000cb20   Data          20  freertos_ip.o(.bss)
    xDefaultAddressing                       0x2000cb34   Data          20  freertos_ip.o(.bss)
    xBoundUDPSocketsList                     0x2000cb98   Data          20  freertos_sockets.o(.bss)
    xBoundTCPSocketsList                     0x2000cbac   Data          20  freertos_sockets.o(.bss)
    __libspace_start                         0x2000f444   Data          96  libspace.o(.bss)
    __temporary_stack_top$libspace           0x2000f4a4   Data           0  libspace.o(.bss)



==============================================================================

Memory Map of the image

  Image Entry point : 0x08000189

  Load Region LR_IROM1 (Base: 0x08000000, Size: 0x0000af90, Max: 0x00080000, ABSOLUTE, COMPRESSED[0x0000ae8c])

    Execution Region ER_IROM1 (Base: 0x08000000, Size: 0x0000ae4c, Max: 0x00080000, ABSOLUTE)

    Base Addr    Size         Type   Attr      Idx    E Section Name        Object

    0x08000000   0x00000188   Data   RO         3770    RESET               startup_stm32f407xx.o
    0x08000188   0x00000008   Code   RO         3880  * !!!main             c_w.l(__main.o)
    0x08000190   0x00000034   Code   RO         4179    !!!scatter          c_w.l(__scatter.o)
    0x080001c4   0x0000005a   Code   RO         4177    !!dczerorl2         c_w.l(__dczerorl2.o)
    0x0800021e   0x00000002   PAD
    0x08000220   0x0000001c   Code   RO         4181    !!handler_zi        c_w.l(__scatter_zi.o)
    0x0800023c   0x00000000   Code   RO         3853    .ARM.Collect$$_printf_percent$$00000000  c_w.l(_printf_percent.o)
    0x0800023c   0x00000006   Code   RO         3933    .ARM.Collect$$_printf_percent$$00000001  c_w.l(_printf_n.o)
    0x08000242   0x00000006   Code   RO         3935    .ARM.Collect$$_printf_percent$$00000002  c_w.l(_printf_p.o)
    0x08000248   0x00000006   Code   RO         3939    .ARM.Collect$$_printf_percent$$00000003  c_w.l(_printf_f.o)
    0x0800024e   0x00000006   Code   RO         3940    .ARM.Collect$$_printf_percent$$00000004  c_w.l(_printf_e.o)
    0x08000254   0x00000006   Code   RO         3941    .ARM.Collect$$_printf_percent$$00000005  c_w.l(_printf_g.o)
    0x0800025a   0x00000006   Code   RO         3942    .ARM.Collect$$_printf_percent$$00000006  c_w.l(_printf_a.o)
    0x08000260   0x0000000a   Code   RO         3947    .ARM.Collect$$_printf_percent$$00000007  c_w.l(_printf_ll.o)
    0x0800026a   0x00000006   Code   RO         3937    .ARM.Collect$$_printf_percent$$00000008  c_w.l(_printf_i.o)
    0x08000270   0x00000006   Code   RO         3938    .ARM.Collect$$_printf_percent$$00000009  c_w.l(_printf_d.o)
    0x08000276   0x00000006   Code   RO         3852    .ARM.Collect$$_printf_percent$$0000000A  c_w.l(_printf_u.o)
    0x0800027c   0x00000006   Code   RO         3936    .ARM.Collect$$_printf_percent$$0000000B  c_w.l(_printf_o.o)
    0x08000282   0x00000006   Code   RO         3934    .ARM.Collect$$_printf_percent$$0000000C  c_w.l(_printf_x.o)
    0x08000288   0x00000006   Code   RO         3944    .ARM.Collect$$_printf_percent$$0000000D  c_w.l(_printf_lli.o)
    0x0800028e   0x00000006   Code   RO         3945    .ARM.Collect$$_printf_percent$$0000000E  c_w.l(_printf_lld.o)
    0x08000294   0x00000006   Code   RO         3946    .ARM.Collect$$_printf_percent$$0000000F  c_w.l(_printf_llu.o)
    0x0800029a   0x00000006   Code   RO         3951    .ARM.Collect$$_printf_percent$$00000010  c_w.l(_printf_llo.o)
    0x080002a0   0x00000006   Code   RO         3952    .ARM.Collect$$_printf_percent$$00000011  c_w.l(_printf_llx.o)
    0x080002a6   0x0000000a   Code   RO         3948    .ARM.Collect$$_printf_percent$$00000012  c_w.l(_printf_l.o)
    0x080002b0   0x00000006   Code   RO         3931    .ARM.Collect$$_printf_percent$$00000013  c_w.l(_printf_c.o)
    0x080002b6   0x00000006   Code   RO         3932    .ARM.Collect$$_printf_percent$$00000014  c_w.l(_printf_s.o)
    0x080002bc   0x00000006   Code   RO         3949    .ARM.Collect$$_printf_percent$$00000015  c_w.l(_printf_lc.o)
    0x080002c2   0x00000006   Code   RO         3950    .ARM.Collect$$_printf_percent$$00000016  c_w.l(_printf_ls.o)
    0x080002c8   0x00000004   Code   RO         3943    .ARM.Collect$$_printf_percent$$00000017  c_w.l(_printf_percent_end.o)
    0x080002cc   0x00000002   Code   RO         4039    .ARM.Collect$$libinit$$00000000  c_w.l(libinit.o)
    0x080002ce   0x00000004   Code   RO         4053    .ARM.Collect$$libinit$$00000001  c_w.l(libinit2.o)
    0x080002d2   0x00000000   Code   RO         4056    .ARM.Collect$$libinit$$00000004  c_w.l(libinit2.o)
    0x080002d2   0x00000000   Code   RO         4059    .ARM.Collect$$libinit$$0000000A  c_w.l(libinit2.o)
    0x080002d2   0x00000000   Code   RO         4061    .ARM.Collect$$libinit$$0000000C  c_w.l(libinit2.o)
    0x080002d2   0x00000000   Code   RO         4063    .ARM.Collect$$libinit$$0000000E  c_w.l(libinit2.o)
    0x080002d2   0x00000006   Code   RO         4064    .ARM.Collect$$libinit$$0000000F  c_w.l(libinit2.o)
    0x080002d8   0x00000000   Code   RO         4066    .ARM.Collect$$libinit$$00000011  c_w.l(libinit2.o)
    0x080002d8   0x0000000c   Code   RO         4067    .ARM.Collect$$libinit$$00000012  c_w.l(libinit2.o)
    0x080002e4   0x00000000   Code   RO         4068    .ARM.Collect$$libinit$$00000013  c_w.l(libinit2.o)
    0x080002e4   0x00000000   Code   RO         4070    .ARM.Collect$$libinit$$00000015  c_w.l(libinit2.o)
    0x080002e4   0x0000000a   Code   RO         4071    .ARM.Collect$$libinit$$00000016  c_w.l(libinit2.o)
    0x080002ee   0x00000000   Code   RO         4072    .ARM.Collect$$libinit$$00000017  c_w.l(libinit2.o)
    0x080002ee   0x00000000   Code   RO         4074    .ARM.Collect$$libinit$$00000019  c_w.l(libinit2.o)
    0x080002ee   0x00000000   Code   RO         4076    .ARM.Collect$$libinit$$0000001B  c_w.l(libinit2.o)
    0x080002ee   0x00000000   Code   RO         4078    .ARM.Collect$$libinit$$0000001D  c_w.l(libinit2.o)
    0x080002ee   0x00000000   Code   RO         4080    .ARM.Collect$$libinit$$0000001F  c_w.l(libinit2.o)
    0x080002ee   0x00000000   Code   RO         4082    .ARM.Collect$$libinit$$00000021  c_w.l(libinit2.o)
    0x080002ee   0x00000000   Code   RO         4084    .ARM.Collect$$libinit$$00000023  c_w.l(libinit2.o)
    0x080002ee   0x00000000   Code   RO         4086    .ARM.Collect$$libinit$$00000025  c_w.l(libinit2.o)
    0x080002ee   0x00000000   Code   RO         4090    .ARM.Collect$$libinit$$0000002C  c_w.l(libinit2.o)
    0x080002ee   0x00000000   Code   RO         4092    .ARM.Collect$$libinit$$0000002E  c_w.l(libinit2.o)
    0x080002ee   0x00000000   Code   RO         4094    .ARM.Collect$$libinit$$00000030  c_w.l(libinit2.o)
    0x080002ee   0x00000000   Code   RO         4096    .ARM.Collect$$libinit$$00000032  c_w.l(libinit2.o)
    0x080002ee   0x00000002   Code   RO         4097    .ARM.Collect$$libinit$$00000033  c_w.l(libinit2.o)
    0x080002f0   0x00000002   Code   RO         4117    .ARM.Collect$$libshutdown$$00000000  c_w.l(libshutdown.o)
    0x080002f2   0x00000000   Code   RO         4130    .ARM.Collect$$libshutdown$$00000002  c_w.l(libshutdown2.o)
    0x080002f2   0x00000000   Code   RO         4132    .ARM.Collect$$libshutdown$$00000004  c_w.l(libshutdown2.o)
    0x080002f2   0x00000000   Code   RO         4135    .ARM.Collect$$libshutdown$$00000007  c_w.l(libshutdown2.o)
    0x080002f2   0x00000000   Code   RO         4138    .ARM.Collect$$libshutdown$$0000000A  c_w.l(libshutdown2.o)
    0x080002f2   0x00000000   Code   RO         4140    .ARM.Collect$$libshutdown$$0000000C  c_w.l(libshutdown2.o)
    0x080002f2   0x00000000   Code   RO         4143    .ARM.Collect$$libshutdown$$0000000F  c_w.l(libshutdown2.o)
    0x080002f2   0x00000002   Code   RO         4144    .ARM.Collect$$libshutdown$$00000010  c_w.l(libshutdown2.o)
    0x080002f4   0x00000000   Code   RO         3882    .ARM.Collect$$rtentry$$00000000  c_w.l(__rtentry.o)
    0x080002f4   0x00000000   Code   RO         3964    .ARM.Collect$$rtentry$$00000002  c_w.l(__rtentry2.o)
    0x080002f4   0x00000006   Code   RO         3976    .ARM.Collect$$rtentry$$00000004  c_w.l(__rtentry4.o)
    0x080002fa   0x00000000   Code   RO         3966    .ARM.Collect$$rtentry$$00000009  c_w.l(__rtentry2.o)
    0x080002fa   0x00000004   Code   RO         3967    .ARM.Collect$$rtentry$$0000000A  c_w.l(__rtentry2.o)
    0x080002fe   0x00000000   Code   RO         3969    .ARM.Collect$$rtentry$$0000000C  c_w.l(__rtentry2.o)
    0x080002fe   0x00000008   Code   RO         3970    .ARM.Collect$$rtentry$$0000000D  c_w.l(__rtentry2.o)
    0x08000306   0x00000002   Code   RO         4048    .ARM.Collect$$rtexit$$00000000  c_w.l(rtexit.o)
    0x08000308   0x00000000   Code   RO         4099    .ARM.Collect$$rtexit$$00000002  c_w.l(rtexit2.o)
    0x08000308   0x00000004   Code   RO         4100    .ARM.Collect$$rtexit$$00000003  c_w.l(rtexit2.o)
    0x0800030c   0x00000006   Code   RO         4101    .ARM.Collect$$rtexit$$00000004  c_w.l(rtexit2.o)
    0x08000312   0x00000002   PAD
    0x08000314   0x000000b6   Code   RO          426    .emb_text           port.o
    0x080003ca   0x00000002   PAD
    0x080003cc   0x00000040   Code   RO         3771    .text               startup_stm32f407xx.o
    0x0800040c   0x00000034   Code   RO         3820    .text               c_w.l(vsnprintf.o)
    0x08000440   0x00000038   Code   RO         3822    .text               c_w.l(_snprintf.o)
    0x08000478   0x0000002c   Code   RO         3824    .text               c_w.l(__2sprintf.o)
    0x080004a4   0x00000078   Code   RO         3830    .text               c_w.l(_printf_dec.o)
    0x0800051c   0x00000188   Code   RO         3849    .text               c_w.l(__printf_flags_ss_wp.o)
    0x080006a4   0x00000058   Code   RO         3854    .text               c_w.l(memcmp.o)
    0x080006fc   0x0000003e   Code   RO         3858    .text               c_w.l(strlen.o)
    0x0800073a   0x00000096   Code   RO         3860    .text               c_w.l(strncmp.o)
    0x080007d0   0x0000008a   Code   RO         3862    .text               c_w.l(rt_memcpy_v6.o)
    0x0800085a   0x00000084   Code   RO         3864    .text               c_w.l(rt_memmove_v6.o)
    0x080008de   0x00000064   Code   RO         3866    .text               c_w.l(rt_memcpy_w.o)
    0x08000942   0x00000044   Code   RO         3870    .text               c_w.l(rt_memclr.o)
    0x08000986   0x0000004e   Code   RO         3872    .text               c_w.l(rt_memclr_w.o)
    0x080009d4   0x00000056   Code   RO         3874    .text               c_w.l(strncpy.o)
    0x08000a2a   0x00000002   PAD
    0x08000a2c   0x00000080   Code   RO         3876    .text               c_w.l(strcmpv7m.o)
    0x08000aac   0x00000006   Code   RO         3878    .text               c_w.l(heapauxi.o)
    0x08000ab2   0x0000004e   Code   RO         3883    .text               c_w.l(_printf_pad.o)
    0x08000b00   0x00000024   Code   RO         3885    .text               c_w.l(_printf_truncate.o)
    0x08000b24   0x00000052   Code   RO         3887    .text               c_w.l(_printf_str.o)
    0x08000b76   0x000000b2   Code   RO         3889    .text               c_w.l(_printf_intcommon.o)
    0x08000c28   0x00000028   Code   RO         3891    .text               c_w.l(_printf_charcount.o)
    0x08000c50   0x00000030   Code   RO         3893    .text               c_w.l(_printf_char_common.o)
    0x08000c80   0x0000000a   Code   RO         3895    .text               c_w.l(_sputc.o)
    0x08000c8a   0x00000010   Code   RO         3897    .text               c_w.l(_snputc.o)
    0x08000c9a   0x00000002   PAD
    0x08000c9c   0x000000bc   Code   RO         3899    .text               c_w.l(_printf_wctomb.o)
    0x08000d58   0x0000007c   Code   RO         3902    .text               c_w.l(_printf_longlong_dec.o)
    0x08000dd4   0x00000070   Code   RO         3908    .text               c_w.l(_printf_oct_int_ll.o)
    0x08000e44   0x00000094   Code   RO         3928    .text               c_w.l(_printf_hex_int_ll_ptr.o)
    0x08000ed8   0x0000007a   Code   RO         3953    .text               c_w.l(rt_memmove_w.o)
    0x08000f52   0x0000008a   Code   RO         3978    .text               c_w.l(lludiv10.o)
    0x08000fdc   0x0000041a   Code   RO         3980    .text               c_w.l(_printf_fp_dec.o)
    0x080013f6   0x00000002   PAD
    0x080013f8   0x000002fc   Code   RO         3982    .text               c_w.l(_printf_fp_hex.o)
    0x080016f4   0x0000002c   Code   RO         3987    .text               c_w.l(_printf_char.o)
    0x08001720   0x0000002c   Code   RO         3989    .text               c_w.l(_printf_wchar.o)
    0x0800174c   0x00000040   Code   RO         3991    .text               c_w.l(_wcrtomb.o)
    0x0800178c   0x0000004a   Code   RO         3993    .text               c_w.l(sys_stackheap_outer.o)
    0x080017d6   0x00000002   PAD
    0x080017d8   0x00000010   Code   RO         3995    .text               c_w.l(rt_ctype_table.o)
    0x080017e8   0x00000008   Code   RO         4000    .text               c_w.l(rt_locale_intlibspace.o)
    0x080017f0   0x00000080   Code   RO         4002    .text               c_w.l(_printf_fp_infnan.o)
    0x08001870   0x000000dc   Code   RO         4004    .text               c_w.l(bigflt0.o)
    0x0800194c   0x00000012   Code   RO         4032    .text               c_w.l(exit.o)
    0x0800195e   0x00000002   PAD
    0x08001960   0x00000008   Code   RO         4045    .text               c_w.l(libspace.o)
    0x08001968   0x0000000c   Code   RO         4109    .text               c_w.l(sys_exit.o)
    0x08001974   0x00000002   Code   RO         4120    .text               c_w.l(use_no_semi.o)
    0x08001976   0x00000000   Code   RO         4122    .text               c_w.l(indicate_semi.o)
    0x08001976   0x0000003e   Code   RO         4007    CL$$btod_d2e        c_w.l(btod.o)
    0x080019b4   0x00000046   Code   RO         4009    CL$$btod_d2e_denorm_low  c_w.l(btod.o)
    0x080019fa   0x00000060   Code   RO         4008    CL$$btod_d2e_norm_op1  c_w.l(btod.o)
    0x08001a5a   0x00000338   Code   RO         4017    CL$$btod_div_common  c_w.l(btod.o)
    0x08001d92   0x000000c6   Code   RO         4014    CL$$btod_e2e        c_w.l(btod.o)
    0x08001e58   0x00000028   Code   RO         4011    CL$$btod_ediv       c_w.l(btod.o)
    0x08001e80   0x00000028   Code   RO         4010    CL$$btod_emul       c_w.l(btod.o)
    0x08001ea8   0x00000244   Code   RO         4016    CL$$btod_mult_common  c_w.l(btod.o)
    0x080020ec   0x00000150   Code   RO         2855    i.Control           emac_stm32f4xx.o
    0x0800223c   0x00000008   Code   RO         2856    i.ControlTimer      emac_stm32f4xx.o
    0x08002244   0x00000058   Code   RO         2857    i.ETH_IRQHandler    emac_stm32f4xx.o
    0x0800229c   0x00000184   Code   RO         2858    i.Enable_GPIO_Clock  emac_stm32f4xx.o
    0x08002420   0x00000004   Code   RO          316    i.Error_Handler     randomnum.o
    0x08002424   0x0000002c   Code   RO         1589    i.FreeRTOS_GetAddressConfiguration  freertos_ip.o
    0x08002450   0x00000014   Code   RO         2237    i.FreeRTOS_GetTCPStateName  freertos_tcp_ip.o
    0x08002464   0x00000030   Code   RO         1595    i.FreeRTOS_GetUDPPayloadBuffer  freertos_ip.o
    0x08002494   0x00000120   Code   RO         1596    i.FreeRTOS_IPInit   freertos_ip.o
    0x080025b4   0x00000028   Code   RO         1598    i.FreeRTOS_NetworkDown  freertos_ip.o
    0x080025dc   0x00000022   Code   RO         1226    i.FreeRTOS_OutputARPRequest  freertos_arp.o
    0x080025fe   0x00000012   Code   RO         1600    i.FreeRTOS_ReleaseUDPPayloadBuffer  freertos_ip.o
    0x08002610   0x0000003e   Code   RO         1874    i.FreeRTOS_SignalSocket  freertos_sockets.o
    0x0800264e   0x0000008a   Code   RO         1877    i.FreeRTOS_bind     freertos_sockets.o
    0x080026d8   0x00000030   Code   RO         1878    i.FreeRTOS_closesocket  freertos_sockets.o
    0x08002708   0x0000000e   Code   RO         1886    i.FreeRTOS_max_uint32  freertos_sockets.o
    0x08002716   0x0000000e   Code   RO         2459    i.FreeRTOS_min_int32  freertos_tcp_win.o
    0x08002724   0x0000000e   Code   RO         1363    i.FreeRTOS_min_uint32  freertos_stream_buffer.o
    0x08002732   0x0000000e   Code   RO         2238    i.FreeRTOS_min_uint32  freertos_tcp_ip.o
    0x08002740   0x00000132   Code   RO         1891    i.FreeRTOS_recvfrom  freertos_sockets.o
    0x08002872   0x0000000e   Code   RO         1892    i.FreeRTOS_round_up  freertos_sockets.o
    0x08002880   0x00000028   Code   RO         1893    i.FreeRTOS_rx_size  freertos_sockets.o
    0x080028a8   0x000000d8   Code   RO         1896    i.FreeRTOS_sendto   freertos_sockets.o
    0x08002980   0x00000234   Code   RO         1897    i.FreeRTOS_setsockopt  freertos_sockets.o
    0x08002bb4   0x000000cc   Code   RO         1899    i.FreeRTOS_socket   freertos_sockets.o
    0x08002c80   0x00000028   Code   RO         1900    i.FreeRTOS_tx_size  freertos_sockets.o
    0x08002ca8   0x00000028   Code   RO         1901    i.FreeRTOS_tx_space  freertos_sockets.o
    0x08002cd0   0x0000000c   Code   RO         2859    i.GetCapabilities   emac_stm32f4xx.o
    0x08002cdc   0x00000068   Code   RO         2799    i.GetLinkInfo       phy_dp83848c.o
    0x08002d44   0x0000002c   Code   RO         2800    i.GetLinkState      phy_dp83848c.o
    0x08002d70   0x00000044   Code   RO         2860    i.GetMacAddress     emac_stm32f4xx.o
    0x08002db4   0x0000004c   Code   RO         2861    i.GetRxFrameSize    emac_stm32f4xx.o
    0x08002e00   0x00000008   Code   RO         2862    i.GetRxFrameTime    emac_stm32f4xx.o
    0x08002e08   0x00000008   Code   RO         2863    i.GetTxFrameTime    emac_stm32f4xx.o
    0x08002e10   0x00000010   Code   RO         2801    i.GetVersion        phy_dp83848c.o
    0x08002e20   0x00000010   Code   RO         2864    i.GetVersion        emac_stm32f4xx.o
    0x08002e30   0x00000174   Code   RO         3294    i.HAL_GPIO_DeInit   stm32f4xx_hal_gpio.o
    0x08002fa4   0x0000020c   Code   RO         3297    i.HAL_GPIO_Init     stm32f4xx_hal_gpio.o
    0x080031b0   0x0000000c   Code   RO         3032    i.HAL_GetTick       stm32f4xx_hal.o
    0x080031bc   0x00000010   Code   RO         3033    i.HAL_IncTick       stm32f4xx_hal.o
    0x080031cc   0x0000007c   Code   RO         3175    i.HAL_NVIC_SetPriority  stm32f4xx_hal_cortex.o
    0x08003248   0x00000028   Code   RO         3176    i.HAL_NVIC_SetPriorityGrouping  stm32f4xx_hal_cortex.o
    0x08003270   0x0000000c   Code   RO         3540    i.HAL_RCC_GetHCLKFreq  stm32f4xx_hal_rcc.o
    0x0800327c   0x00000036   Code   RO         3675    i.HAL_RNG_DeInit    stm32f4xx_hal_rng.o
    0x080032b2   0x00000076   Code   RO         3677    i.HAL_RNG_GenerateRandomNumber  stm32f4xx_hal_rng.o
    0x08003328   0x0000004a   Code   RO         3683    i.HAL_RNG_Init      stm32f4xx_hal_rng.o
    0x08003372   0x00000002   Code   RO         3684    i.HAL_RNG_MspDeInit  stm32f4xx_hal_rng.o
    0x08003374   0x00000002   Code   RO         3685    i.HAL_RNG_MspInit   stm32f4xx_hal_rng.o
    0x08003376   0x00000002   PAD
    0x08003378   0x00000028   Code   RO          136    i.IP_init           netinfoconfig.o
    0x080033a0   0x00000030   Code   RO         2802    i.Initialize        phy_dp83848c.o
    0x080033d0   0x00000078   Code   RO         2865    i.Initialize        emac_stm32f4xx.o
    0x08003448   0x00000078   Code   RO         2866    i.PHY_Read          emac_stm32f4xx.o
    0x080034c0   0x00000074   Code   RO         2867    i.PHY_Write         emac_stm32f4xx.o
    0x08003534   0x000000d4   Code   RO         2803    i.PowerControl      phy_dp83848c.o
    0x08003608   0x000002d8   Code   RO         2868    i.PowerControl      emac_stm32f4xx.o
    0x080038e0   0x00000050   Code   RO          317    i.RNG_init          randomnum.o
    0x08003930   0x000000a0   Code   RO         2869    i.ReadFrame         emac_stm32f4xx.o
    0x080039d0   0x0000011c   Code   RO         2870    i.SendFrame         emac_stm32f4xx.o
    0x08003aec   0x0000013c   Code   RO         2871    i.SetAddressFilter  emac_stm32f4xx.o
    0x08003c28   0x00000040   Code   RO         2804    i.SetInterface      phy_dp83848c.o
    0x08003c68   0x0000004c   Code   RO         2872    i.SetMacAddress     emac_stm32f4xx.o
    0x08003cb4   0x00000088   Code   RO         2805    i.SetMode           phy_dp83848c.o
    0x08003d3c   0x000000ec   Code   RO         3778    i.SetSysClock       system_stm32f4xx.o
    0x08003e28   0x00000038   Code   RO          427    i.SysTick_Handler   port.o
    0x08003e60   0x00000068   Code   RO         3780    i.SystemInit        system_stm32f4xx.o
    0x08003ec8   0x00000040   Code   RO          137    i.UDP_DEBUG_INIT    netinfoconfig.o
    0x08003f08   0x00000040   Code   RO          138    i.UDP_SEND_DATA     netinfoconfig.o
    0x08003f48   0x00000014   Code   RO         2806    i.Uninitialize      phy_dp83848c.o
    0x08003f5c   0x00000030   Code   RO         2873    i.Uninitialize      emac_stm32f4xx.o
    0x08003f8c   0x00000030   Code   RO         4043    i.__ARM_fpclassify  m_wm.l(fpclassify.o)
    0x08003fbc   0x00000010   Code   RO         3182    i.__NVIC_GetPriorityGrouping  stm32f4xx_hal_cortex.o
    0x08003fcc   0x00000028   Code   RO         3183    i.__NVIC_SetPriority  stm32f4xx_hal_cortex.o
    0x08003ff4   0x0000000e   Code   RO         3842    i._is_digit         c_w.l(__printf_wp.o)
    0x08004002   0x00000002   PAD
    0x08004004   0x00000028   Code   RO         2874    i.crc32_8bit_rev    emac_stm32f4xx.o
    0x0800402c   0x00000028   Code   RO         2875    i.crc32_data        emac_stm32f4xx.o
    0x08004054   0x00000098   Code   RO         1228    i.eARPGetCacheEntry  freertos_arp.o
    0x080040ec   0x000000a4   Code   RO         1229    i.eARPProcessPacket  freertos_arp.o
    0x08004190   0x00000060   Code   RO         1606    i.eConsiderFrameForProcessing  freertos_ip.o
    0x080041f0   0x00000034   Code   RO         2666    i.ethernet_mac_notify  networkinterface.o
    0x08004224   0x00000018   Code   RO          318    i.getRandomNum      randomnum.o
    0x0800423c   0x00000068   Code   RO         2876    i.init_rx_desc      emac_stm32f4xx.o
    0x080042a4   0x00000060   Code   RO         2877    i.init_tx_desc      emac_stm32f4xx.o
    0x08004304   0x0000008e   Code   RO         1903    i.lTCPAddRxdata     freertos_sockets.o
    0x08004392   0x0000000a   Code   RO         2460    i.lTCPIncrementTxPosition  freertos_tcp_win.o
    0x0800439c   0x00000168   Code   RO         2461    i.lTCPWindowRxCheck  freertos_tcp_win.o
    0x08004504   0x00000124   Code   RO         2462    i.lTCPWindowTxAdd   freertos_tcp_win.o
    0x08004628   0x0000002e   Code   RO          139    i.lUDPLoggingPrintf  netinfoconfig.o
    0x08004656   0x00000002   PAD
    0x08004658   0x00000084   Code   RO         2667    i.macIntialise      networkinterface.o
    0x080046dc   0x00000016   Code   RO            4    i.main              main.o
    0x080046f2   0x00000002   PAD
    0x080046f4   0x00000014   Code   RO          140    i.pcApplicationHostnameHook  netinfoconfig.o
    0x08004708   0x00000064   Code   RO         2668    i.phyIntialise      networkinterface.o
    0x0800476c   0x00000098   Code   RO          662    i.prvAddCurrentTaskToDelayedList  tasks.o
    0x08004804   0x000000b4   Code   RO          663    i.prvAddNewTaskToReadyList  tasks.o
    0x080048b8   0x00000060   Code   RO         1607    i.prvAllowIPPacket  freertos_ip.o
    0x08004918   0x00000050   Code   RO         1230    i.prvCacheLookup    freertos_arp.o
    0x08004968   0x00000064   Code   RO         1608    i.prvCalculateSleepTime  freertos_ip.o
    0x080049cc   0x0000004c   Code   RO          975    i.prvCheckForValidListAndQueue  timers.o
    0x08004a18   0x000000b4   Code   RO         1609    i.prvCheckNetworkTimers  freertos_ip.o
    0x08004acc   0x00000158   Code   RO         2239    i.prvCheckOptions   freertos_tcp_ip.o
    0x08004c24   0x00000078   Code   RO         2240    i.prvCheckRxData    freertos_tcp_ip.o
    0x08004c9c   0x00000064   Code   RO          664    i.prvCheckTasksWaitingTermination  tasks.o
    0x08004d00   0x0000002a   Code   RO          500    i.prvCopyDataFromQueue  queue.o
    0x08004d2a   0x0000007c   Code   RO          501    i.prvCopyDataToQueue  queue.o
    0x08004da6   0x00000002   PAD
    0x08004da8   0x0000007c   Code   RO         1403    i.prvCreateDHCPSocket  freertos_dhcp.o
    0x08004e24   0x00000104   Code   RO         1404    i.prvCreatePartDHCPMessage  freertos_dhcp.o
    0x08004f28   0x0000007c   Code   RO         2463    i.prvCreateSectors  freertos_tcp_win.o
    0x08004fa4   0x00000012   Code   RO          665    i.prvDeleteTCB      tasks.o
    0x08004fb6   0x00000042   Code   RO         1904    i.prvDetermineSocketSize  freertos_sockets.o
    0x08004ff8   0x00000028   Code   RO          976    i.prvGetNextExpireTime  timers.o
    0x08005020   0x00000070   Code   RO         1906    i.prvGetPrivatePortNumber  freertos_sockets.o
    0x08005090   0x000001b8   Code   RO         2241    i.prvHandleEstablished  freertos_tcp_ip.o
    0x08005248   0x0000000c   Code   RO         1610    i.prvHandleEthernetPacket  freertos_ip.o
    0x08005254   0x00000160   Code   RO         2242    i.prvHandleListen   freertos_tcp_ip.o
    0x080053b4   0x00000122   Code   RO         2243    i.prvHandleSynReceived  freertos_tcp_ip.o
    0x080054d6   0x00000002   PAD
    0x080054d8   0x0000007c   Code   RO         1176    i.prvHeapInit       heap_4.o
    0x08005554   0x00000124   Code   RO         1611    i.prvIPTask         freertos_ip.o
    0x08005678   0x00000036   Code   RO         1612    i.prvIPTimerCheck   freertos_ip.o
    0x080056ae   0x00000012   Code   RO         1613    i.prvIPTimerReload  freertos_ip.o
    0x080056c0   0x00000030   Code   RO         1614    i.prvIPTimerStart   freertos_ip.o
    0x080056f0   0x00000028   Code   RO          666    i.prvIdleTask       tasks.o
    0x08005718   0x00000040   Code   RO         1405    i.prvInitialiseDHCP  freertos_dhcp.o
    0x08005758   0x00000026   Code   RO          503    i.prvInitialiseNewQueue  queue.o
    0x0800577e   0x00000086   Code   RO          667    i.prvInitialiseNewTask  tasks.o
    0x08005804   0x00000068   Code   RO          668    i.prvInitialiseTaskLists  tasks.o
    0x0800586c   0x00000068   Code   RO         1177    i.prvInsertBlockIntoFreeList  heap_4.o
    0x080058d4   0x00000058   Code   RO          978    i.prvInsertTimerInActiveList  timers.o
    0x0800592c   0x0000001a   Code   RO          504    i.prvIsQueueEmpty   queue.o
    0x08005946   0x0000001e   Code   RO          505    i.prvIsQueueFull    queue.o
    0x08005964   0x00000298   Code   RO         1478    i.prvParseDNSReply  freertos_dns.o
    0x08005bfc   0x000001f8   Code   RO         1406    i.prvProcessDHCPReplies  freertos_dhcp.o
    0x08005df4   0x000000c4   Code   RO         1479    i.prvProcessDNSCache  freertos_dns.o
    0x08005eb8   0x00000062   Code   RO         1615    i.prvProcessEthernetPacket  freertos_ip.o
    0x08005f1a   0x00000002   PAD
    0x08005f1c   0x0000004c   Code   RO          979    i.prvProcessExpiredTimer  timers.o
    0x08005f68   0x0000004c   Code   RO         1616    i.prvProcessICMPEchoReply  freertos_ip.o
    0x08005fb4   0x0000005c   Code   RO         1617    i.prvProcessICMPEchoRequest  freertos_ip.o
    0x08006010   0x0000002a   Code   RO         1618    i.prvProcessICMPPacket  freertos_ip.o
    0x0800603a   0x00000002   PAD
    0x0800603c   0x000000ec   Code   RO         1619    i.prvProcessIPPacket  freertos_ip.o
    0x08006128   0x0000004c   Code   RO         1620    i.prvProcessNetworkDownEvent  freertos_ip.o
    0x08006174   0x000000d0   Code   RO          980    i.prvProcessReceivedCommands  timers.o
    0x08006244   0x00000074   Code   RO          981    i.prvProcessTimerOrBlockTask  timers.o
    0x080062b8   0x00000050   Code   RO         1480    i.prvReadNameField  freertos_dns.o
    0x08006308   0x00000080   Code   RO         1481    i.prvReplyDNSMessage  freertos_dns.o
    0x08006388   0x00000034   Code   RO          669    i.prvResetNextTaskUnblockTime  tasks.o
    0x080063bc   0x0000002c   Code   RO          982    i.prvSampleTimeNow  timers.o
    0x080063e8   0x00000048   Code   RO         1407    i.prvSendDHCPDiscover  freertos_dhcp.o
    0x08006430   0x00000058   Code   RO         1408    i.prvSendDHCPRequest  freertos_dhcp.o
    0x08006488   0x00000124   Code   RO         2244    i.prvSendData       freertos_tcp_ip.o
    0x080065ac   0x00000090   Code   RO         2245    i.prvSetOptions     freertos_tcp_ip.o
    0x0800663c   0x0000005c   Code   RO         2246    i.prvSetSynAckOptions  freertos_tcp_ip.o
    0x08006698   0x00000020   Code   RO         1482    i.prvSkipNameField  freertos_dns.o
    0x080066b8   0x0000005c   Code   RO         2247    i.prvSocketSetMSS   freertos_tcp_ip.o
    0x08006714   0x000000d8   Code   RO         2248    i.prvStoreRxData    freertos_tcp_ip.o
    0x080067ec   0x00000084   Code   RO          983    i.prvSwitchTimerLists  timers.o
    0x08006870   0x0000005a   Code   RO         2249    i.prvTCPAddTxData   freertos_tcp_ip.o
    0x080068ca   0x00000002   PAD
    0x080068cc   0x00000090   Code   RO         2250    i.prvTCPBufferResize  freertos_tcp_ip.o
    0x0800695c   0x00000084   Code   RO         1908    i.prvTCPCreateStream  freertos_sockets.o
    0x080069e0   0x00000040   Code   RO         2251    i.prvTCPCreateWindow  freertos_tcp_ip.o
    0x08006a20   0x000000f0   Code   RO         2252    i.prvTCPHandleFin   freertos_tcp_ip.o
    0x08006b10   0x0000019a   Code   RO         2253    i.prvTCPHandleState  freertos_tcp_ip.o
    0x08006caa   0x000000be   Code   RO         2254    i.prvTCPNextTimeout  freertos_tcp_ip.o
    0x08006d68   0x00000148   Code   RO         2255    i.prvTCPPrepareConnect  freertos_tcp_ip.o
    0x08006eb0   0x0000021c   Code   RO         2256    i.prvTCPPrepareSend  freertos_tcp_ip.o
    0x080070cc   0x00000264   Code   RO         2257    i.prvTCPReturnPacket  freertos_tcp_ip.o
    0x08007330   0x0000008c   Code   RO         2258    i.prvTCPSendPacket  freertos_tcp_ip.o
    0x080073bc   0x0000003e   Code   RO         2259    i.prvTCPSendRepeated  freertos_tcp_ip.o
    0x080073fa   0x00000024   Code   RO         2260    i.prvTCPSendReset   freertos_tcp_ip.o
    0x0800741e   0x00000002   PAD
    0x08007420   0x00000044   Code   RO         1910    i.prvTCPSetSocketCount  freertos_sockets.o
    0x08007464   0x000000a0   Code   RO         2261    i.prvTCPSocketCopy  freertos_tcp_ip.o
    0x08007504   0x0000002a   Code   RO         2262    i.prvTCPSocketIsActive  freertos_tcp_ip.o
    0x0800752e   0x00000068   Code   RO         2263    i.prvTCPStatusAgeCheck  freertos_tcp_ip.o
    0x08007596   0x00000028   Code   RO         2264    i.prvTCPTouchSocket  freertos_tcp_ip.o
    0x080075be   0x00000002   PAD
    0x080075c0   0x00000090   Code   RO         2464    i.prvTCPWindowFastRetransmit  freertos_tcp_win.o
    0x08007650   0x00000120   Code   RO         2465    i.prvTCPWindowTxCheckAck  freertos_tcp_win.o
    0x08007770   0x00000062   Code   RO         2466    i.prvTCPWindowTxHasSpace  freertos_tcp_win.o
    0x080077d2   0x00000016   Code   RO          428    i.prvTaskExitError  port.o
    0x080077e8   0x0000001e   Code   RO         1108    i.prvTestWaitCondition  event_groups.o
    0x08007806   0x0000001a   Code   RO          984    i.prvTimerTask      timers.o
    0x08007820   0x0000007e   Code   RO          506    i.prvUnlockQueue    queue.o
    0x0800789e   0x00000030   Code   RO         1911    i.prvValidSocket    freertos_sockets.o
    0x080078ce   0x00000026   Code   RO         2265    i.prvWinScaleFactor  freertos_tcp_ip.o
    0x080078f4   0x000000d0   Code   RO         1178    i.pvPortMalloc      heap_4.o
    0x080079c4   0x00000020   Code   RO          671    i.pvTaskIncrementMutexHeldCount  tasks.o
    0x080079e4   0x0000002c   Code   RO         1621    i.pxDuplicateNetworkBufferWithDescriptor  freertos_ip.o
    0x08007a10   0x00000090   Code   RO         2737    i.pxGetNetworkBufferWithDescriptor  bufferallocation_2.o
    0x08007aa0   0x00000030   Code   RO         1912    i.pxListFindListItemWithValue  freertos_sockets.o
    0x08007ad0   0x0000002c   Code   RO          429    i.pxPortInitialiseStack  port.o
    0x08007afc   0x0000005c   Code   RO         1913    i.pxTCPSocketLookup  freertos_sockets.o
    0x08007b58   0x0000001a   Code   RO         1622    i.pxUDPPayloadBuffer_to_NetworkBuffer  freertos_ip.o
    0x08007b72   0x00000002   PAD
    0x08007b74   0x0000001c   Code   RO         1914    i.pxUDPSocketLookup  freertos_sockets.o
    0x08007b90   0x00000064   Code   RO         2669    i.receiveHandlerTask  networkinterface.o
    0x08007bf4   0x0000001c   Code   RO         2670    i.sendData          networkinterface.o
    0x08007c10   0x00000018   Code   RO         2266    i.ulChar2u32        freertos_tcp_ip.o
    0x08007c28   0x00000018   Code   RO         1483    i.ulDNSHandlePacket  freertos_dns.o
    0x08007c40   0x0000002a   Code   RO         2467    i.ulTCPWindowTxAck  freertos_tcp_win.o
    0x08007c6a   0x00000002   PAD
    0x08007c6c   0x00000158   Code   RO         2468    i.ulTCPWindowTxGet  freertos_tcp_win.o
    0x08007dc4   0x00000048   Code   RO         2469    i.ulTCPWindowTxSack  freertos_tcp_win.o
    0x08007e0c   0x00000074   Code   RO          672    i.ulTaskNotifyTake  tasks.o
    0x08007e80   0x00000010   Code   RO         2470    i.ulTimerGetAge     freertos_tcp_win.o
    0x08007e90   0x0000000c   Code   RO         1484    i.usChar2u16        freertos_dns.o
    0x08007e9c   0x0000000c   Code   RO         2739    i.uxGetMinimumFreeNetworkBuffers  bufferallocation_2.o
    0x08007ea8   0x0000000c   Code   RO         2740    i.uxGetNumberOfFreeNetworkBuffers  bufferallocation_2.o
    0x08007eb4   0x00000028   Code   RO          360    i.uxListRemove      list.o
    0x08007edc   0x00000012   Code   RO          507    i.uxQueueMessagesWaiting  queue.o
    0x08007eee   0x00000008   Code   RO          141    i.uxRand            netinfoconfig.o
    0x08007ef6   0x000000f8   Code   RO         1364    i.uxStreamBufferAdd  freertos_stream_buffer.o
    0x08007fee   0x00000016   Code   RO         2267    i.uxStreamBufferDistance  freertos_tcp_ip.o
    0x08008004   0x00000014   Code   RO         1915    i.uxStreamBufferFrontSpace  freertos_sockets.o
    0x08008018   0x00000014   Code   RO         2268    i.uxStreamBufferFrontSpace  freertos_tcp_ip.o
    0x0800802c   0x000000ae   Code   RO         1365    i.uxStreamBufferGet  freertos_stream_buffer.o
    0x080080da   0x00000020   Code   RO         1916    i.uxStreamBufferGetSize  freertos_sockets.o
    0x080080fa   0x00000014   Code   RO         1917    i.uxStreamBufferGetSpace  freertos_sockets.o
    0x0800810e   0x00000014   Code   RO         2269    i.uxStreamBufferMidSpace  freertos_tcp_ip.o
    0x08008122   0x00000018   Code   RO         1918    i.uxStreamBufferSpace  freertos_sockets.o
    0x0800813a   0x00000018   Code   RO         2270    i.uxStreamBufferSpace  freertos_tcp_ip.o
    0x08008152   0x00000002   PAD
    0x08008154   0x0000001c   Code   RO          676    i.uxTaskResetEventItemValue  tasks.o
    0x08008170   0x000000bc   Code   RO         1231    i.vARPAgeCache      freertos_arp.o
    0x0800822c   0x00000048   Code   RO         1232    i.vARPGenerateRequestPacket  freertos_arp.o
    0x08008274   0x00000158   Code   RO         1233    i.vARPRefreshCacheEntry  freertos_arp.o
    0x080083cc   0x00000014   Code   RO         1234    i.vARPSendGratuitous  freertos_arp.o
    0x080083e0   0x00000134   Code   RO          142    i.vApplicationIPNetworkEventHook  netinfoconfig.o
    0x08008514   0x0000002c   Code   RO          143    i.vApplicationPingReplyHook  netinfoconfig.o
    0x08008540   0x00000200   Code   RO         1409    i.vDHCPProcess      freertos_dhcp.o
    0x08008740   0x0000007c   Code   RO         1485    i.vDNSCheckCallBack  freertos_dns.o
    0x080087bc   0x00000064   Code   RO         1486    i.vDNSDoCallback    freertos_dns.o
    0x08008820   0x00000010   Code   RO         1487    i.vDNSInitialise    freertos_dns.o
    0x08008830   0x0000002a   Code   RO         1110    i.vEventGroupDelete  event_groups.o
    0x0800885a   0x00000002   PAD
    0x0800885c   0x00000028   Code   RO         1625    i.vIPNetworkUpCalls  freertos_ip.o
    0x08008884   0x00000014   Code   RO         1626    i.vIPReloadDHCPTimer  freertos_ip.o
    0x08008898   0x00000024   Code   RO         1628    i.vIPSetDHCPTimerEnableState  freertos_ip.o
    0x080088bc   0x00000024   Code   RO         1629    i.vIPSetDnsTimerEnableState  freertos_ip.o
    0x080088e0   0x0000001a   Code   RO          361    i.vListInitialise   list.o
    0x080088fa   0x00000006   Code   RO          362    i.vListInitialiseItem  list.o
    0x08008900   0x00000034   Code   RO          363    i.vListInsert       list.o
    0x08008934   0x00000018   Code   RO          364    i.vListInsertEnd    list.o
    0x0800894c   0x00000014   Code   RO         2471    i.vListInsertFifo   freertos_tcp_win.o
    0x08008960   0x00000016   Code   RO         2472    i.vListInsertGeneric  freertos_tcp_win.o
    0x08008976   0x00000002   PAD
    0x08008978   0x0000005c   Code   RO         1919    i.vNetworkSocketsInit  freertos_sockets.o
    0x080089d4   0x00000024   Code   RO          431    i.vPortEnterCritical  port.o
    0x080089f8   0x00000020   Code   RO          432    i.vPortExitCritical  port.o
    0x08008a18   0x00000048   Code   RO         1179    i.vPortFree         heap_4.o
    0x08008a60   0x00000014   Code   RO          433    i.vPortSetupTimerInterrupt  port.o
    0x08008a74   0x000000c4   Code   RO         2641    i.vProcessGeneratedUDPPacket  freertos_udp_ip.o
    0x08008b38   0x0000000e   Code   RO          510    i.vQueueDelete      queue.o
    0x08008b46   0x0000004a   Code   RO          511    i.vQueueWaitForMessageRestricted  queue.o
    0x08008b90   0x00000010   Code   RO         2741    i.vReleaseNetworkBuffer  bufferallocation_2.o
    0x08008ba0   0x0000004c   Code   RO         2742    i.vReleaseNetworkBufferAndDescriptor  bufferallocation_2.o
    0x08008bec   0x0000002c   Code   RO         1630    i.vReturnEthernetFrame  freertos_ip.o
    0x08008c18   0x00000088   Code   RO         1920    i.vSocketBind       freertos_sockets.o
    0x08008ca0   0x00000080   Code   RO         1921    i.vSocketClose      freertos_sockets.o
    0x08008d20   0x00000178   Code   RO         1922    i.vSocketSelect     freertos_sockets.o
    0x08008e98   0x00000040   Code   RO         1923    i.vSocketWakeUpUser  freertos_sockets.o
    0x08008ed8   0x000001a8   Code   RO         1925    i.vTCPNetStat       freertos_sockets.o
    0x08009080   0x00000116   Code   RO         2271    i.vTCPStateChange   freertos_tcp_ip.o
    0x08009196   0x0000000c   Code   RO         2473    i.vTCPTimerSet      freertos_tcp_win.o
    0x080091a2   0x00000002   PAD
    0x080091a4   0x00000068   Code   RO         2474    i.vTCPWindowCreate  freertos_tcp_win.o
    0x0800920c   0x00000040   Code   RO         2475    i.vTCPWindowDestroy  freertos_tcp_win.o
    0x0800924c   0x00000034   Code   RO         2476    i.vTCPWindowFree    freertos_tcp_win.o
    0x08009280   0x00000054   Code   RO         2477    i.vTCPWindowInit    freertos_tcp_win.o
    0x080092d4   0x00000034   Code   RO          677    i.vTaskDelay        tasks.o
    0x08009308   0x0000000c   Code   RO          681    i.vTaskMissedYield  tasks.o
    0x08009314   0x00000020   Code   RO          683    i.vTaskPlaceOnEventList  tasks.o
    0x08009334   0x00000028   Code   RO          684    i.vTaskPlaceOnEventListRestricted  tasks.o
    0x0800935c   0x0000002c   Code   RO          685    i.vTaskPlaceOnUnorderedEventList  tasks.o
    0x08009388   0x000000b0   Code   RO          686    i.vTaskPriorityInherit  tasks.o
    0x08009438   0x00000018   Code   RO          689    i.vTaskSetTimeOutState  tasks.o
    0x08009450   0x00000070   Code   RO          690    i.vTaskStartScheduler  tasks.o
    0x080094c0   0x00000010   Code   RO          692    i.vTaskSuspendAll   tasks.o
    0x080094d0   0x00000060   Code   RO          693    i.vTaskSwitchContext  tasks.o
    0x08009530   0x00000038   Code   RO          144    i.xApplicationDNSQueryHook  netinfoconfig.o
    0x08009568   0x00000020   Code   RO         1112    i.xEventGroupClearBits  event_groups.o
    0x08009588   0x0000001a   Code   RO         1113    i.xEventGroupCreate  event_groups.o
    0x080095a2   0x00000092   Code   RO         1115    i.xEventGroupSetBits  event_groups.o
    0x08009634   0x000000c8   Code   RO         1117    i.xEventGroupWaitBits  event_groups.o
    0x080096fc   0x0000000c   Code   RO         1631    i.xIPIsNetworkTaskReady  freertos_ip.o
    0x08009708   0x0000001c   Code   RO         1632    i.xIsCallingFromIPTask  freertos_ip.o
    0x08009724   0x00000018   Code   RO         1410    i.xIsDHCPSocket     freertos_dhcp.o
    0x0800973c   0x00000090   Code   RO         2743    i.xNetworkBuffersInitialise  bufferallocation_2.o
    0x080097cc   0x000000e0   Code   RO         2671    i.xNetworkInterfaceInitialise  networkinterface.o
    0x080098ac   0x0000001a   Code   RO         2672    i.xNetworkInterfaceOutput  networkinterface.o
    0x080098c6   0x00000002   PAD
    0x080098c8   0x00000048   Code   RO          434    i.xPortStartScheduler  port.o
    0x08009910   0x00000192   Code   RO         2272    i.xProcessReceivedTCPPacket  freertos_tcp_ip.o
    0x08009aa2   0x000000d4   Code   RO         2642    i.xProcessReceivedUDPPacket  freertos_udp_ip.o
    0x08009b76   0x0000001a   Code   RO          512    i.xQueueCreateCountingSemaphore  queue.o
    0x08009b90   0x00000038   Code   RO          514    i.xQueueGenericCreate  queue.o
    0x08009bc8   0x0000015c   Code   RO          515    i.xQueueGenericReceive  queue.o
    0x08009d24   0x00000080   Code   RO          516    i.xQueueGenericReset  queue.o
    0x08009da4   0x00000118   Code   RO          517    i.xQueueGenericSend  queue.o
    0x08009ebc   0x00000086   Code   RO          518    i.xQueueGenericSendFromISR  queue.o
    0x08009f42   0x00000002   PAD
    0x08009f44   0x0000006c   Code   RO         1633    i.xSendEventStructToIPTask  freertos_ip.o
    0x08009fb0   0x00000018   Code   RO         1634    i.xSendEventToIPTask  freertos_ip.o
    0x08009fc8   0x0000000c   Code   RO         2478    i.xSequenceGreaterThan  freertos_tcp_win.o
    0x08009fd4   0x0000000a   Code   RO         2479    i.xSequenceGreaterThanOrEqual  freertos_tcp_win.o
    0x08009fde   0x0000000c   Code   RO         2480    i.xSequenceLessThan  freertos_tcp_win.o
    0x08009fea   0x00000002   PAD
    0x08009fec   0x00000050   Code   RO         2273    i.xTCPCheckNewClient  freertos_tcp_ip.o
    0x0800a03c   0x00000094   Code   RO         2274    i.xTCPSocketCheck   freertos_tcp_ip.o
    0x0800a0d0   0x0000009c   Code   RO         1926    i.xTCPTimerCheck    freertos_sockets.o
    0x0800a16c   0x00000022   Code   RO         2481    i.xTCPWindowGetHead  freertos_tcp_win.o
    0x0800a18e   0x00000002   PAD
    0x0800a190   0x00000078   Code   RO         2482    i.xTCPWindowNew     freertos_tcp_win.o
    0x0800a208   0x00000018   Code   RO         2483    i.xTCPWindowPeekHead  freertos_tcp_win.o
    0x0800a220   0x00000064   Code   RO         2484    i.xTCPWindowRxConfirm  freertos_tcp_win.o
    0x0800a284   0x0000002e   Code   RO         2485    i.xTCPWindowRxEmpty  freertos_tcp_win.o
    0x0800a2b2   0x00000026   Code   RO         2486    i.xTCPWindowRxFind  freertos_tcp_win.o
    0x0800a2d8   0x00000010   Code   RO         2487    i.xTCPWindowTxDone  freertos_tcp_win.o
    0x0800a2e8   0x0000008c   Code   RO         2488    i.xTCPWindowTxHasData  freertos_tcp_win.o
    0x0800a374   0x0000005c   Code   RO          694    i.xTaskCheckForTimeOut  tasks.o
    0x0800a3d0   0x00000060   Code   RO          695    i.xTaskCreate       tasks.o
    0x0800a430   0x000000c4   Code   RO          696    i.xTaskGenericNotify  tasks.o
    0x0800a4f4   0x0000000c   Code   RO          698    i.xTaskGetCurrentTaskHandle  tasks.o
    0x0800a500   0x00000020   Code   RO          699    i.xTaskGetSchedulerState  tasks.o
    0x0800a520   0x0000000c   Code   RO          700    i.xTaskGetTickCount  tasks.o
    0x0800a52c   0x0000011c   Code   RO          702    i.xTaskIncrementTick  tasks.o
    0x0800a648   0x00000084   Code   RO          705    i.xTaskPriorityDisinherit  tasks.o
    0x0800a6cc   0x00000080   Code   RO          706    i.xTaskRemoveFromEventList  tasks.o
    0x0800a74c   0x00000070   Code   RO          707    i.xTaskRemoveFromUnorderedEventList  tasks.o
    0x0800a7bc   0x000000e8   Code   RO          708    i.xTaskResumeAll    tasks.o
    0x0800a8a4   0x0000003c   Code   RO          988    i.xTimerCreateTimerTask  timers.o
    0x0800a8e0   0x0000006c   Code   RO          989    i.xTimerGenericCommand  timers.o
    0x0800a94c   0x0000002c   Code   RO         4030    locale$$code        c_w.l(lc_numeric_c.o)
    0x0800a978   0x0000002c   Code   RO         4051    locale$$code        c_w.l(lc_ctype_c.o)
    0x0800a9a4   0x0000000a   Code   RO         4107    x$fpl$fpinit        fz_wm.l(fpinit.o)
    0x0800a9ae   0x00000004   Code   RO         3955    x$fpl$printf1       fz_wm.l(printf1.o)
    0x0800a9b2   0x00000004   Code   RO         3957    x$fpl$printf2       fz_wm.l(printf2.o)
    0x0800a9b6   0x00000000   Code   RO         4042    x$fpl$usenofp       fz_wm.l(usenofp.o)
    0x0800a9b6   0x00000016   Data   RO          146    .constdata          netinfoconfig.o
    0x0800a9cc   0x00000026   Data   RO         1236    .constdata          freertos_arp.o
    0x0800a9f2   0x00000029   Data   RO         1412    .constdata          freertos_dhcp.o
    0x0800aa1b   0x00000012   Data   RO         1490    .constdata          freertos_dns.o
    0x0800aa2d   0x00000003   PAD
    0x0800aa30   0x00000020   Data   RO         1636    .constdata          freertos_ip.o
    0x0800aa50   0x00000008   Data   RO         1928    .constdata          freertos_sockets.o
    0x0800aa58   0x00000004   Data   RO         2745    .constdata          bufferallocation_2.o
    0x0800aa5c   0x00000024   Data   RO         2808    .constdata          phy_dp83848c.o
    0x0800aa80   0x00000094   Data   RO         2879    .constdata          emac_stm32f4xx.o
    0x0800ab14   0x00000011   Data   RO         3850    .constdata          c_w.l(__printf_flags_ss_wp.o)
    0x0800ab25   0x00000003   PAD
    0x0800ab28   0x00000008   Data   RO         3900    .constdata          c_w.l(_printf_wctomb.o)
    0x0800ab30   0x00000028   Data   RO         3929    .constdata          c_w.l(_printf_hex_int_ll_ptr.o)
    0x0800ab58   0x00000026   Data   RO         3983    .constdata          c_w.l(_printf_fp_hex.o)
    0x0800ab7e   0x00000002   PAD
    0x0800ab80   0x00000094   Data   RO         4005    .constdata          c_w.l(bigflt0.o)
    0x0800ac14   0x00000047   Data   RO         1929    .conststring        freertos_sockets.o
    0x0800ac5b   0x00000001   PAD
    0x0800ac5c   0x000000a3   Data   RO         2275    .conststring        freertos_tcp_ip.o
    0x0800acff   0x00000001   PAD
    0x0800ad00   0x00000020   Data   RO         4175    Region$$Table       anon$$obj.o
    0x0800ad20   0x0000001c   Data   RO         4029    locale$$data        c_w.l(lc_numeric_c.o)
    0x0800ad3c   0x00000110   Data   RO         4050    locale$$data        c_w.l(lc_ctype_c.o)


    Execution Region RW_IRAM1 (Base: 0x20000000, Size: 0x0000faa8, Max: 0x00020000, ABSOLUTE, COMPRESSED[0x00000040])

    Base Addr    Size         Type   Attr      Idx    E Section Name        Object

    0x20000000   0x00000014   Data   RW          147    .data               netinfoconfig.o
    0x20000014   0x00000004   Data   RW          435    .data               port.o
    0x20000018   0x0000003c   Data   RW          711    .data               tasks.o
    0x20000054   0x00000014   Data   RW          997    .data               timers.o
    0x20000068   0x00000018   Data   RW         1184    .data               heap_4.o
    0x20000080   0x00000004   Data   RW         1237    .data               freertos_arp.o
    0x20000084   0x00000010   Data   RW         1491    .data               freertos_dns.o
    0x20000094   0x00000028   Data   RW         1637    .data               freertos_ip.o
    0x200000bc   0x00000008   Data   RW         1930    .data               freertos_sockets.o
    0x200000c4   0x00000038   Data   RW         2276    .data               freertos_tcp_ip.o
    0x200000fc   0x00000008   Data   RW         2490    .data               freertos_tcp_win.o
    0x20000104   0x00000018   Data   RW         2643    .data               freertos_udp_ip.o
    0x2000011c   0x00000018   Data   RW         2673    .data               networkinterface.o
    0x20000134   0x00000008   Data   RW         2746    .data               bufferallocation_2.o
    0x2000013c   0x00000004   Data   RW         3040    .data               stm32f4xx_hal.o
    0x20000140   0x00000004   Data   RW         3782    .data               system_stm32f4xx.o
    0x20000144   0x0000000c   Zero   RW          320    .bss                randomnum.o
    0x20000150   0x000000c8   Zero   RW          710    .bss                tasks.o
    0x20000218   0x00000028   Zero   RW          996    .bss                timers.o
    0x20000240   0x0000c800   Zero   RW         1183    .bss                heap_4.o
    0x2000ca40   0x00000048   Zero   RW         1235    .bss                freertos_arp.o
    0x2000ca88   0x00000024   Zero   RW         1411    .bss                freertos_dhcp.o
    0x2000caac   0x00000074   Zero   RW         1489    .bss                freertos_dns.o
    0x2000cb20   0x00000078   Zero   RW         1635    .bss                freertos_ip.o
    0x2000cb98   0x00000028   Zero   RW         1927    .bss                freertos_sockets.o
    0x2000cbc0   0x00000014   Zero   RW         2489    .bss                freertos_tcp_win.o
    0x2000cbd4   0x00000398   Zero   RW         2744    .bss                bufferallocation_2.o
    0x2000cf6c   0x0000000c   Zero   RW         2807    .bss                phy_dp83848c.o
    0x2000cf78   0x000024cc   Zero   RW         2878    .bss                emac_stm32f4xx.o
    0x2000f444   0x00000060   Zero   RW         4046    .bss                c_w.l(libspace.o)
    0x2000f4a4   0x00000004   PAD
    0x2000f4a8   0x00000200   Zero   RW         3769    HEAP                startup_stm32f407xx.o
    0x2000f6a8   0x00000400   Zero   RW         3768    STACK               startup_stm32f407xx.o


==============================================================================

Image component sizes


      Code (inc. data)   RO Data    RW Data    ZI Data      Debug   Object Name

       404         54          4          8        920       4939   bufferallocation_2.o
      3256        306        148          0       9420      51426   emac_stm32f4xx.o
       476          6          0          0          0       6350   event_groups.o
      1054         78         38          4         72      28704   freertos_arp.o
      1648        110         41          0         36      14399   freertos_dhcp.o
      1376         42         18         16        116      22014   freertos_dns.o
      2372        222         32         40        120      32882   freertos_ip.o
      3894        278         79          8         40      40664   freertos_sockets.o
       436          0          0          0          0      12076   freertos_stream_buffer.o
      6674        146        163         56          0      47785   freertos_tcp_ip.o
      2714         58          0          8         20      28515   freertos_tcp_win.o
       408         10          0         24          0      10998   freertos_udp_ip.o
       508         62          0         24      51200       3651   heap_4.o
       148          0          0          0          0      11714   list.o
        22          0          0          0          0     205583   main.o
       650        184         22         20          0      19517   netinfoconfig.o
       662         92          0         24          0      12598   networkinterface.o
       644         44         36          0         12       9346   phy_dp83848c.o
       464         58          0          4          0       9124   port.o
      1464         16          0          0          0      23194   queue.o
       108         18          0          0         12       1910   randomnum.o
        64         26        392          0       1536        860   startup_stm32f407xx.o
        28         10          0          4          0       2621   stm32f4xx_hal.o
       220         22          0          0          0      32729   stm32f4xx_hal_cortex.o
       896         94          0          0          0       2854   stm32f4xx_hal_gpio.o
        12          6          0          0          0        610   stm32f4xx_hal_rcc.o
       250          0          0          0          0       4113   stm32f4xx_hal_rng.o
       340         32          0          4          0       2103   system_stm32f4xx.o
      2888        426          0         60        200      34414   tasks.o
       974        106          0         20         40      11355   timers.o

    ----------------------------------------------------------------------
     35096       2506       1010        324      63744     689048   Object Totals
         0          0         32          0          0          0   (incl. Generated)
        42          0          5          0          0          0   (incl. Padding)

    ----------------------------------------------------------------------

      Code (inc. data)   RO Data    RW Data    ZI Data      Debug   Library Member Name

        44          6          0          0          0         84   __2sprintf.o
        90          0          0          0          0          0   __dczerorl2.o
         8          0          0          0          0         68   __main.o
       392          4         17          0          0         92   __printf_flags_ss_wp.o
        14          0          0          0          0         68   __printf_wp.o
         0          0          0          0          0          0   __rtentry.o
        12          0          0          0          0          0   __rtentry2.o
         6          0          0          0          0          0   __rtentry4.o
        52          8          0          0          0          0   __scatter.o
        28          0          0          0          0          0   __scatter_zi.o
         6          0          0          0          0          0   _printf_a.o
         6          0          0          0          0          0   _printf_c.o
        44          0          0          0          0        108   _printf_char.o
        48          6          0          0          0         96   _printf_char_common.o
        40          0          0          0          0         68   _printf_charcount.o
         6          0          0          0          0          0   _printf_d.o
       120         16          0          0          0         92   _printf_dec.o
         6          0          0          0          0          0   _printf_e.o
         6          0          0          0          0          0   _printf_f.o
      1050          0          0          0          0        216   _printf_fp_dec.o
       764          8         38          0          0        100   _printf_fp_hex.o
       128         16          0          0          0         84   _printf_fp_infnan.o
         6          0          0          0          0          0   _printf_g.o
       148          4         40          0          0        160   _printf_hex_int_ll_ptr.o
         6          0          0          0          0          0   _printf_i.o
       178          0          0          0          0         88   _printf_intcommon.o
        10          0          0          0          0          0   _printf_l.o
         6          0          0          0          0          0   _printf_lc.o
        10          0          0          0          0          0   _printf_ll.o
         6          0          0          0          0          0   _printf_lld.o
         6          0          0          0          0          0   _printf_lli.o
         6          0          0          0          0          0   _printf_llo.o
         6          0          0          0          0          0   _printf_llu.o
         6          0          0          0          0          0   _printf_llx.o
       124         16          0          0          0         92   _printf_longlong_dec.o
         6          0          0          0          0          0   _printf_ls.o
         6          0          0          0          0          0   _printf_n.o
         6          0          0          0          0          0   _printf_o.o
       112         10          0          0          0        124   _printf_oct_int_ll.o
         6          0          0          0          0          0   _printf_p.o
        78          0          0          0          0        108   _printf_pad.o
         0          0          0          0          0          0   _printf_percent.o
         4          0          0          0          0          0   _printf_percent_end.o
         6          0          0          0          0          0   _printf_s.o
        82          0          0          0          0         80   _printf_str.o
        36          0          0          0          0         84   _printf_truncate.o
         6          0          0          0          0          0   _printf_u.o
        44          0          0          0          0        108   _printf_wchar.o
       188          6          8          0          0         92   _printf_wctomb.o
         6          0          0          0          0          0   _printf_x.o
        56          6          0          0          0         88   _snprintf.o
        16          0          0          0          0         68   _snputc.o
        10          0          0          0          0         68   _sputc.o
        64          0          0          0          0         92   _wcrtomb.o
       220          4        148          0          0         96   bigflt0.o
      1910        128          0          0          0        672   btod.o
        18          0          0          0          0         80   exit.o
         6          0          0          0          0        152   heapauxi.o
         0          0          0          0          0          0   indicate_semi.o
        44         10        272          0          0         76   lc_ctype_c.o
        44         10         28          0          0         76   lc_numeric_c.o
         2          0          0          0          0          0   libinit.o
        34          0          0          0          0          0   libinit2.o
         2          0          0          0          0          0   libshutdown.o
         2          0          0          0          0          0   libshutdown2.o
         8          4          0          0         96         68   libspace.o
       138          0          0          0          0         80   lludiv10.o
        88          0          0          0          0         76   memcmp.o
        16          4          0          0          0         76   rt_ctype_table.o
         8          4          0          0          0         68   rt_locale_intlibspace.o
        68          0          0          0          0         68   rt_memclr.o
        78          0          0          0          0         80   rt_memclr_w.o
       138          0          0          0          0         68   rt_memcpy_v6.o
       100          0          0          0          0         80   rt_memcpy_w.o
       132          0          0          0          0         68   rt_memmove_v6.o
       122          0          0          0          0         80   rt_memmove_w.o
         2          0          0          0          0          0   rtexit.o
        10          0          0          0          0          0   rtexit2.o
       128          0          0          0          0         68   strcmpv7m.o
        62          0          0          0          0         76   strlen.o
       150          0          0          0          0         80   strncmp.o
        86          0          0          0          0         76   strncpy.o
        12          4          0          0          0         68   sys_exit.o
        74          0          0          0          0         80   sys_stackheap_outer.o
         2          0          0          0          0         68   use_no_semi.o
        52          4          0          0          0         80   vsnprintf.o
        10          0          0          0          0        116   fpinit.o
         4          0          0          0          0        116   printf1.o
         4          0          0          0          0        116   printf2.o
         0          0          0          0          0          0   usenofp.o
        48          0          0          0          0        124   fpclassify.o

    ----------------------------------------------------------------------
      7958        278        556          0        100       5360   Library Totals
        16          0          5          0          4          0   (incl. Padding)

    ----------------------------------------------------------------------

      Code (inc. data)   RO Data    RW Data    ZI Data      Debug   Library Name

      7876        278        551          0         96       4888   c_w.l
        18          0          0          0          0        348   fz_wm.l
        48          0          0          0          0        124   m_wm.l

    ----------------------------------------------------------------------
      7958        278        556          0        100       5360   Library Totals

    ----------------------------------------------------------------------

==============================================================================


      Code (inc. data)   RO Data    RW Data    ZI Data      Debug   

     43054       2784       1566        324      63844     660252   Grand Totals
     43054       2784       1566         64      63844     660252   ELF Image Totals (compressed)
     43054       2784       1566         64          0          0   ROM Totals

==============================================================================

    Total RO  Size (Code + RO Data)                44620 (  43.57kB)
    Total RW  Size (RW Data + ZI Data)             64168 (  62.66kB)
    Total ROM Size (Code + RO Data + RW Data)      44684 (  43.64kB)

==============================================================================

